
Warning: Module "intl" is already loaded in Unknown on line 0

   Pest\Exceptions\InvalidPestCommand 

  Please run [./vendor/bin/pest] instead.

