
Warning: Module "intl" is already loaded in Unknown on line 0

Warning: Module "intl" is already loaded in Unknown on line 0
PHP Warning:  Module "intl" is already loaded in Unknown on line 0

   WARN  Metadata found in doc-comment for method Tests\Feature\AssignmentAnswerControllerTest::teacher_can_view_student_answer(). Metadata in doc-comments is deprecated and will no longer be supported in PHPUnit 12. Update your test code to use attributes instead.

   WARN  Metadata found in doc-comment for method Tests\Feature\AssignmentAnswerControllerTest::teacher_can_update_student_grade_and_comment_with_file(). Metadata in doc-comments is deprecated and will no longer be supported in PHPUnit 12. Update your test code to use attributes instead.

   WARN  Metadata found in doc-comment for method Tests\Feature\AssignmentAnswerControllerTest::teacher_cannot_update_invalid_data(). Metadata in doc-comments is deprecated and will no longer be supported in PHPUnit 12. Update your test code to use attributes instead.

   WARN  Metadata found in doc-comment for method Tests\Feature\AssignmentAnswerControllerTest::student_can_submit_assignment_with_text_and_file(). Metadata in doc-comments is deprecated and will no longer be supported in PHPUnit 12. Update your test code to use attributes instead.

   WARN  Metadata found in doc-comment for method Tests\Feature\AssignmentAnswerControllerTest::student_cannot_submit_same_assignment_twice(). Metadata in doc-comments is deprecated and will no longer be supported in PHPUnit 12. Update your test code to use attributes instead.

   WARN  Metadata found in doc-comment for method Tests\Feature\AssignmentAnswerControllerTest::student_cannot_submit_invalid_file_type(). Metadata in doc-comments is deprecated and will no longer be supported in PHPUnit 12. Update your test code to use attributes instead.

   WARN  Metadata found in doc-comment for method Tests\Feature\AssignmentAnswerControllerTest::student_can_view_their_result_after_submission(). Metadata in doc-comments is deprecated and will no longer be supported in PHPUnit 12. Update your test code to use attributes instead.

   WARN  Metadata found in doc-comment for method Tests\Feature\AssignmentAnswerControllerTest::student_cannot_view_result_without_submitting(). Metadata in doc-comments is deprecated and will no longer be supported in PHPUnit 12. Update your test code to use attributes instead.

   WARN  Metadata found in doc-comment for method Tests\Feature\AssignmentAnswerControllerTest::student_cannot_submit_without_text_or_file(). Metadata in doc-comments is deprecated and will no longer be supported in PHPUnit 12. Update your test code to use attributes instead.

   WARN  Metadata found in doc-comment for method Tests\Feature\AssignmentAnswerControllerTest::student_cannot_resubmit_without_text_or_file(). Metadata in doc-comments is deprecated and will no longer be supported in PHPUnit 12. Update your test code to use attributes instead.

   WARN  Metadata found in doc-comment for method Tests\Feature\AssignmentAnswerControllerTest::student_can_resubmit_with_text_only(). Metadata in doc-comments is deprecated and will no longer be supported in PHPUnit 12. Update your test code to use attributes instead.

   WARN  Metadata found in doc-comment for method Tests\Feature\AssignmentAnswerControllerTest::student_can_resubmit_with_file_only(). Metadata in doc-comments is deprecated and will no longer be supported in PHPUnit 12. Update your test code to use attributes instead.

   WARN  Metadata found in doc-comment for method Tests\Feature\AssignmentControllerTest::teacher_can_view_assignment_index(). Metadata in doc-comments is deprecated and will no longer be supported in PHPUnit 12. Update your test code to use attributes instead.

   WARN  Metadata found in doc-comment for method Tests\Feature\AssignmentControllerTest::teacher_can_create_new_assignment_with_files(). Metadata in doc-comments is deprecated and will no longer be supported in PHPUnit 12. Update your test code to use attributes instead.

   WARN  Metadata found in doc-comment for method Tests\Feature\AssignmentControllerTest::teacher_can_edit_and_update_assignment(). Metadata in doc-comments is deprecated and will no longer be supported in PHPUnit 12. Update your test code to use attributes instead.

   WARN  Metadata found in doc-comment for method Tests\Feature\AssignmentControllerTest::teacher_can_delete_assignment(). Metadata in doc-comments is deprecated and will no longer be supported in PHPUnit 12. Update your test code to use attributes instead.

   WARN  Metadata found in doc-comment for method Tests\Feature\AssignmentControllerTest::teacher_can_delete_a_specific_file_from_assignment(). Metadata in doc-comments is deprecated and will no longer be supported in PHPUnit 12. Update your test code to use attributes instead.

   WARN  Metadata found in doc-comment for method Tests\Feature\AssignmentControllerTest::student_can_view_available_assignments(). Metadata in doc-comments is deprecated and will no longer be supported in PHPUnit 12. Update your test code to use attributes instead.

   WARN  Metadata found in doc-comment for method Tests\Feature\AssignmentControllerTest::student_cannot_access_assignment_if_not_enrolled_or_in_group(). Metadata in doc-comments is deprecated and will no longer be supported in PHPUnit 12. Update your test code to use attributes instead.

   WARN  Metadata found in doc-comment for method Tests\Feature\ChatFeatureTest::student_can_send_message_to_teacher(). Metadata in doc-comments is deprecated and will no longer be supported in PHPUnit 12. Update your test code to use attributes instead.

   WARN  Metadata found in doc-comment for method Tests\Feature\ChatFeatureTest::teacher_can_send_message_to_student(). Metadata in doc-comments is deprecated and will no longer be supported in PHPUnit 12. Update your test code to use attributes instead.

   WARN  Metadata found in doc-comment for method Tests\Feature\ChatFeatureTest::teacher_can_view_student_chat_and_marks_unread_as_read(). Metadata in doc-comments is deprecated and will no longer be supported in PHPUnit 12. Update your test code to use attributes instead.

   WARN  Metadata found in doc-comment for method Tests\Feature\ChatFeatureTest::teacher_chat_list_shows_students_and_latest_message(). Metadata in doc-comments is deprecated and will no longer be supported in PHPUnit 12. Update your test code to use attributes instead.

   WARN  Metadata found in doc-comment for method Tests\Feature\ContactControllerTest::it_displays_the_messages_index_page_for_authenticated_teacher(). Metadata in doc-comments is deprecated and will no longer be supported in PHPUnit 12. Update your test code to use attributes instead.

   WARN  Metadata found in doc-comment for method Tests\Feature\ContactControllerTest::it_displays_a_single_message_for_authenticated_teacher(). Metadata in doc-comments is deprecated and will no longer be supported in PHPUnit 12. Update your test code to use attributes instead.

   WARN  Metadata found in doc-comment for method Tests\Feature\ContactControllerTest::it_can_store_a_new_message_via_json_publicly(). Metadata in doc-comments is deprecated and will no longer be supported in PHPUnit 12. Update your test code to use attributes instead.

   WARN  Metadata found in doc-comment for method Tests\Feature\ContactControllerTest::it_validates_required_fields_when_storing(). Metadata in doc-comments is deprecated and will no longer be supported in PHPUnit 12. Update your test code to use attributes instead.

   WARN  Metadata found in doc-comment for method Tests\Feature\ContactControllerTest::it_can_delete_a_message_and_redirect_for_authenticated_teacher(). Metadata in doc-comments is deprecated and will no longer be supported in PHPUnit 12. Update your test code to use attributes instead.

   WARN  Metadata found in doc-comment for method Tests\Feature\ContactControllerTest::it_can_delete_a_message_via_json_for_authenticated_teacher(). Metadata in doc-comments is deprecated and will no longer be supported in PHPUnit 12. Update your test code to use attributes instead.

   WARN  Metadata found in doc-comment for method Tests\Feature\CourseControllerTest::teacher_can_view_his_courses_index(). Metadata in doc-comments is deprecated and will no longer be supported in PHPUnit 12. Update your test code to use attributes instead.

   WARN  Metadata found in doc-comment for method Tests\Feature\CourseControllerTest::teacher_can_access_create_page(). Metadata in doc-comments is deprecated and will no longer be supported in PHPUnit 12. Update your test code to use attributes instead.

   WARN  Metadata found in doc-comment for method Tests\Feature\CourseControllerTest::teacher_can_store_new_course_with_image(). Metadata in doc-comments is deprecated and will no longer be supported in PHPUnit 12. Update your test code to use attributes instead.

   WARN  Metadata found in doc-comment for method Tests\Feature\CourseControllerTest::teacher_cannot_store_course_without_required_fields(). Metadata in doc-comments is deprecated and will no longer be supported in PHPUnit 12. Update your test code to use attributes instead.

   WARN  Metadata found in doc-comment for method Tests\Feature\CourseControllerTest::teacher_cannot_upload_invalid_image_format(). Metadata in doc-comments is deprecated and will no longer be supported in PHPUnit 12. Update your test code to use attributes instead.

   WARN  Metadata found in doc-comment for method Tests\Feature\CourseControllerTest::teacher_can_view_a_specific_course(). Metadata in doc-comments is deprecated and will no longer be supported in PHPUnit 12. Update your test code to use attributes instead.

   WARN  Metadata found in doc-comment for method Tests\Feature\CourseControllerTest::teacher_cannot_view_others_course(). Metadata in doc-comments is deprecated and will no longer be supported in PHPUnit 12. Update your test code to use attributes instead.

   WARN  Metadata found in doc-comment for method Tests\Feature\CourseControllerTest::teacher_can_update_course_and_replace_image(). Metadata in doc-comments is deprecated and will no longer be supported in PHPUnit 12. Update your test code to use attributes instead.

   WARN  Metadata found in doc-comment for method Tests\Feature\CourseControllerTest::teacher_cannot_update_course_with_invalid_data(). Metadata in doc-comments is deprecated and will no longer be supported in PHPUnit 12. Update your test code to use attributes instead.

   WARN  Metadata found in doc-comment for method Tests\Feature\CourseControllerTest::unauthorized_user_cannot_update_course(). Metadata in doc-comments is deprecated and will no longer be supported in PHPUnit 12. Update your test code to use attributes instead.

   WARN  Metadata found in doc-comment for method Tests\Feature\CourseControllerTest::teacher_can_delete_course_and_its_image(). Metadata in doc-comments is deprecated and will no longer be supported in PHPUnit 12. Update your test code to use attributes instead.

   WARN  Metadata found in doc-comment for method Tests\Feature\CourseControllerTest::unauthorized_teacher_cannot_delete_other_course(). Metadata in doc-comments is deprecated and will no longer be supported in PHPUnit 12. Update your test code to use attributes instead.

   WARN  Metadata found in doc-comment for method Tests\Feature\CourseControllerTest::guest_user_cannot_access_any_course_route(). Metadata in doc-comments is deprecated and will no longer be supported in PHPUnit 12. Update your test code to use attributes instead.

   WARN  Metadata found in doc-comment for method Tests\Feature\DashboardControllerTest::teacher_dashboard_loads_successfully(). Metadata in doc-comments is deprecated and will no longer be supported in PHPUnit 12. Update your test code to use attributes instead.

   WARN  Metadata found in doc-comment for method Tests\Feature\DashboardControllerTest::student_home_page_loads_successfully(). Metadata in doc-comments is deprecated and will no longer be supported in PHPUnit 12. Update your test code to use attributes instead.

   WARN  Metadata found in doc-comment for method Tests\Feature\DashboardControllerTest::student_sessions_page_loads_successfully(). Metadata in doc-comments is deprecated and will no longer be supported in PHPUnit 12. Update your test code to use attributes instead.

   WARN  Metadata found in doc-comment for method Tests\Feature\EnrollmentControllerTest::student_can_submit_new_enrollment_request(). Metadata in doc-comments is deprecated and will no longer be supported in PHPUnit 12. Update your test code to use attributes instead.

   WARN  Metadata found in doc-comment for method Tests\Feature\EnrollmentControllerTest::student_cannot_enroll_twice_in_same_course(). Metadata in doc-comments is deprecated and will no longer be supported in PHPUnit 12. Update your test code to use attributes instead.

   WARN  Metadata found in doc-comment for method Tests\Feature\EnrollmentControllerTest::unauthorized_user_cannot_approve_or_reject_or_delete(). Metadata in doc-comments is deprecated and will no longer be supported in PHPUnit 12. Update your test code to use attributes instead.

   WARN  Metadata found in doc-comment for method Tests\Feature\EnrollmentControllerTest::teacher_can_approve_enrollment(). Metadata in doc-comments is deprecated and will no longer be supported in PHPUnit 12. Update your test code to use attributes instead.

   WARN  Metadata found in doc-comment for method Tests\Feature\EnrollmentControllerTest::teacher_can_reject_enrollment(). Metadata in doc-comments is deprecated and will no longer be supported in PHPUnit 12. Update your test code to use attributes instead.

   WARN  Metadata found in doc-comment for method Tests\Feature\EnrollmentControllerTest::teacher_can_delete_enrollment(). Metadata in doc-comments is deprecated and will no longer be supported in PHPUnit 12. Update your test code to use attributes instead.

   WARN  Metadata found in doc-comment for method Tests\Feature\EnrollmentControllerTest::guest_cannot_access_any_enrollment_routes(). Metadata in doc-comments is deprecated and will no longer be supported in PHPUnit 12. Update your test code to use attributes instead.

   WARN  Metadata found in doc-comment for method Tests\Feature\ExamControllerTest::teacher_can_create_exam(). Metadata in doc-comments is deprecated and will no longer be supported in PHPUnit 12. Update your test code to use attributes instead.

   WARN  Metadata found in doc-comment for method Tests\Feature\ExamControllerTest::teacher_can_add_question_to_exam(). Metadata in doc-comments is deprecated and will no longer be supported in PHPUnit 12. Update your test code to use attributes instead.

   WARN  Metadata found in doc-comment for method Tests\Feature\ExamControllerTest::student_can_view_available_exams(). Metadata in doc-comments is deprecated and will no longer be supported in PHPUnit 12. Update your test code to use attributes instead.

   WARN  Metadata found in doc-comment for method Tests\Feature\ExamControllerTest::unauthorized_teacher_cannot_edit_another_teacher_exam(). Metadata in doc-comments is deprecated and will no longer be supported in PHPUnit 12. Update your test code to use attributes instead.

   WARN  Metadata found in doc-comment for method Tests\Feature\ExamControllerTest::student_cannot_access_exam_if_not_enrolled_or_in_group(). Metadata in doc-comments is deprecated and will no longer be supported in PHPUnit 12. Update your test code to use attributes instead.

   WARN  Metadata found in doc-comment for method Tests\Feature\ExamControllerTest::student_can_view_exam_result_with_all_questions_and_correct_answers(). Metadata in doc-comments is deprecated and will no longer be supported in PHPUnit 12. Update your test code to use attributes instead.

   WARN  Metadata found in doc-comment for method Tests\Feature\ExamControllerTest::student_cannot_view_result_if_not_taken_exam(). Metadata in doc-comments is deprecated and will no longer be supported in PHPUnit 12. Update your test code to use attributes instead.

   WARN  Metadata found in doc-comment for method Tests\Feature\ExamQuestionControllerTest::teacher_can_add_a_question_to_exam(). Metadata in doc-comments is deprecated and will no longer be supported in PHPUnit 12. Update your test code to use attributes instead.

   WARN  Metadata found in doc-comment for method Tests\Feature\ExamQuestionControllerTest::teacher_can_edit_a_question(). Metadata in doc-comments is deprecated and will no longer be supported in PHPUnit 12. Update your test code to use attributes instead.

   WARN  Metadata found in doc-comment for method Tests\Feature\ExamQuestionControllerTest::teacher_can_update_a_question(). Metadata in doc-comments is deprecated and will no longer be supported in PHPUnit 12. Update your test code to use attributes instead.

   WARN  Metadata found in doc-comment for method Tests\Feature\ExamQuestionControllerTest::teacher_can_delete_a_question(). Metadata in doc-comments is deprecated and will no longer be supported in PHPUnit 12. Update your test code to use attributes instead.

   WARN  Metadata found in doc-comment for method Tests\Feature\ExamQuestionControllerTest::unauthorized_teacher_cannot_modify_others_exam_questions(). Metadata in doc-comments is deprecated and will no longer be supported in PHPUnit 12. Update your test code to use attributes instead.

   WARN  Metadata found in doc-comment for method Tests\Feature\GroupControllerTest::teacher_can_view_their_groups_index(). Metadata in doc-comments is deprecated and will no longer be supported in PHPUnit 12. Update your test code to use attributes instead.

   WARN  Metadata found in doc-comment for method Tests\Feature\GroupControllerTest::student_cannot_access_teacher_group_index(). Metadata in doc-comments is deprecated and will no longer be supported in PHPUnit 12. Update your test code to use attributes instead.

   WARN  Metadata found in doc-comment for method Tests\Feature\GroupControllerTest::guest_cannot_access_group_index(). Metadata in doc-comments is deprecated and will no longer be supported in PHPUnit 12. Update your test code to use attributes instead.

   WARN  Metadata found in doc-comment for method Tests\Feature\GroupControllerTest::teacher_can_create_a_group(). Metadata in doc-comments is deprecated and will no longer be supported in PHPUnit 12. Update your test code to use attributes instead.

   WARN  Metadata found in doc-comment for method Tests\Feature\GroupControllerTest::student_cannot_create_group(). Metadata in doc-comments is deprecated and will no longer be supported in PHPUnit 12. Update your test code to use attributes instead.

   WARN  Metadata found in doc-comment for method Tests\Feature\GroupControllerTest::teacher_can_update_own_group(). Metadata in doc-comments is deprecated and will no longer be supported in PHPUnit 12. Update your test code to use attributes instead.

   WARN  Metadata found in doc-comment for method Tests\Feature\GroupControllerTest::teacher_cannot_update_others_group(). Metadata in doc-comments is deprecated and will no longer be supported in PHPUnit 12. Update your test code to use attributes instead.

   WARN  Metadata found in doc-comment for method Tests\Feature\GroupControllerTest::teacher_can_delete_own_group(). Metadata in doc-comments is deprecated and will no longer be supported in PHPUnit 12. Update your test code to use attributes instead.

   WARN  Metadata found in doc-comment for method Tests\Feature\GroupControllerTest::teacher_can_add_student_to_group(). Metadata in doc-comments is deprecated and will no longer be supported in PHPUnit 12. Update your test code to use attributes instead.

   WARN  Metadata found in doc-comment for method Tests\Feature\GroupControllerTest::teacher_cannot_add_student_to_others_group(). Metadata in doc-comments is deprecated and will no longer be supported in PHPUnit 12. Update your test code to use attributes instead.

   WARN  Metadata found in doc-comment for method Tests\Feature\GroupControllerTest::student_can_send_join_request(). Metadata in doc-comments is deprecated and will no longer be supported in PHPUnit 12. Update your test code to use attributes instead.

   WARN  Metadata found in doc-comment for method Tests\Feature\GroupControllerTest::teacher_can_approve_join_request(). Metadata in doc-comments is deprecated and will no longer be supported in PHPUnit 12. Update your test code to use attributes instead.

   WARN  Metadata found in doc-comment for method Tests\Feature\GroupControllerTest::teacher_can_reject_join_request(). Metadata in doc-comments is deprecated and will no longer be supported in PHPUnit 12. Update your test code to use attributes instead.

   WARN  Metadata found in doc-comment for method Tests\Feature\GroupControllerTest::teacher_can_view_group_details(). Metadata in doc-comments is deprecated and will no longer be supported in PHPUnit 12. Update your test code to use attributes instead.

   WARN  Metadata found in doc-comment for method Tests\Feature\GroupControllerTest::teacher_cannot_view_others_group_details(). Metadata in doc-comments is deprecated and will no longer be supported in PHPUnit 12. Update your test code to use attributes instead.

   WARN  Metadata found in doc-comment for method Tests\Feature\GroupControllerTest::teacher_can_remove_member_from_group(). Metadata in doc-comments is deprecated and will no longer be supported in PHPUnit 12. Update your test code to use attributes instead.

   WARN  Metadata found in doc-comment for method Tests\Feature\GroupControllerTest::teacher_can_search_students(). Metadata in doc-comments is deprecated and will no longer be supported in PHPUnit 12. Update your test code to use attributes instead.

   WARN  Metadata found in doc-comment for method Tests\Feature\GroupControllerTest::unauthorized_user_cannot_access_teacher_routes(). Metadata in doc-comments is deprecated and will no longer be supported in PHPUnit 12. Update your test code to use attributes instead.

   WARN  Metadata found in doc-comment for method Tests\Feature\GroupControllerTest::teacher_cannot_add_duplicate_student_to_group(). Metadata in doc-comments is deprecated and will no longer be supported in PHPUnit 12. Update your test code to use attributes instead.

   WARN  Metadata found in doc-comment for method Tests\Feature\LessonControllerTest::teacher_can_view_lesson_index(). Metadata in doc-comments is deprecated and will no longer be supported in PHPUnit 12. Update your test code to use attributes instead.

   WARN  Metadata found in doc-comment for method Tests\Feature\LessonControllerTest::teacher_can_view_create_page(). Metadata in doc-comments is deprecated and will no longer be supported in PHPUnit 12. Update your test code to use attributes instead.

   WARN  Metadata found in doc-comment for method Tests\Feature\LessonControllerTest::teacher_can_store_lesson_with_files_and_video(). Metadata in doc-comments is deprecated and will no longer be supported in PHPUnit 12. Update your test code to use attributes instead.

   WARN  Metadata found in doc-comment for method Tests\Feature\LessonControllerTest::show_lesson_page_for_owner_teacher(). Metadata in doc-comments is deprecated and will no longer be supported in PHPUnit 12. Update your test code to use attributes instead.

   WARN  Metadata found in doc-comment for method Tests\Feature\LessonControllerTest::teacher_can_edit_lesson(). Metadata in doc-comments is deprecated and will no longer be supported in PHPUnit 12. Update your test code to use attributes instead.

   WARN  Metadata found in doc-comment for method Tests\Feature\LessonControllerTest::teacher_can_update_lesson_with_new_files_and_video(). Metadata in doc-comments is deprecated and will no longer be supported in PHPUnit 12. Update your test code to use attributes instead.

   WARN  Metadata found in doc-comment for method Tests\Feature\LessonControllerTest::teacher_can_delete_lesson_and_files(). Metadata in doc-comments is deprecated and will no longer be supported in PHPUnit 12. Update your test code to use attributes instead.

   WARN  Metadata found in doc-comment for method Tests\Feature\LessonControllerTest::non_owner_teacher_cannot_edit_or_delete_lesson(). Metadata in doc-comments is deprecated and will no longer be supported in PHPUnit 12. Update your test code to use attributes instead.

   WARN  Metadata found in doc-comment for method Tests\Feature\ProfileControllerTest::user_can_view_the_profile_edit_page(). Metadata in doc-comments is deprecated and will no longer be supported in PHPUnit 12. Update your test code to use attributes instead.

   WARN  Metadata found in doc-comment for method Tests\Feature\ProfileControllerTest::user_can_update_profile_information(). Metadata in doc-comments is deprecated and will no longer be supported in PHPUnit 12. Update your test code to use attributes instead.

   WARN  Metadata found in doc-comment for method Tests\Feature\ProfileControllerTest::user_can_delete_their_account(). Metadata in doc-comments is deprecated and will no longer be supported in PHPUnit 12. Update your test code to use attributes instead.

   WARN  Metadata found in doc-comment for method Tests\Feature\ProfileControllerTest::delete_fails_with_wrong_password(). Metadata in doc-comments is deprecated and will no longer be supported in PHPUnit 12. Update your test code to use attributes instead.

   WARN  Metadata found in doc-comment for method Tests\Feature\SessionControllerTest::teacher_can_view_all_sessions(). Metadata in doc-comments is deprecated and will no longer be supported in PHPUnit 12. Update your test code to use attributes instead.

   WARN  Metadata found in doc-comment for method Tests\Feature\SessionControllerTest::teacher_can_view_create_form(). Metadata in doc-comments is deprecated and will no longer be supported in PHPUnit 12. Update your test code to use attributes instead.

   WARN  Metadata found in doc-comment for method Tests\Feature\SessionControllerTest::teacher_can_store_a_session(). Metadata in doc-comments is deprecated and will no longer be supported in PHPUnit 12. Update your test code to use attributes instead.

   WARN  Metadata found in doc-comment for method Tests\Feature\SessionControllerTest::teacher_can_view_a_session(). Metadata in doc-comments is deprecated and will no longer be supported in PHPUnit 12. Update your test code to use attributes instead.

   WARN  Metadata found in doc-comment for method Tests\Feature\SessionControllerTest::teacher_cannot_view_session_of_another_teacher(). Metadata in doc-comments is deprecated and will no longer be supported in PHPUnit 12. Update your test code to use attributes instead.

   WARN  Metadata found in doc-comment for method Tests\Feature\SessionControllerTest::teacher_can_view_edit_form(). Metadata in doc-comments is deprecated and will no longer be supported in PHPUnit 12. Update your test code to use attributes instead.

   WARN  Metadata found in doc-comment for method Tests\Feature\SessionControllerTest::teacher_can_update_a_session(). Metadata in doc-comments is deprecated and will no longer be supported in PHPUnit 12. Update your test code to use attributes instead.

   WARN  Metadata found in doc-comment for method Tests\Feature\SessionControllerTest::teacher_cannot_update_session_of_another_teacher(). Metadata in doc-comments is deprecated and will no longer be supported in PHPUnit 12. Update your test code to use attributes instead.

   WARN  Metadata found in doc-comment for method Tests\Feature\SessionControllerTest::teacher_can_delete_a_session(). Metadata in doc-comments is deprecated and will no longer be supported in PHPUnit 12. Update your test code to use attributes instead.

   WARN  Metadata found in doc-comment for method Tests\Feature\SessionControllerTest::teacher_cannot_delete_session_of_another_teacher(). Metadata in doc-comments is deprecated and will no longer be supported in PHPUnit 12. Update your test code to use attributes instead.

   WARN  Metadata found in doc-comment for method Tests\Feature\SessionControllerTest::validation_errors_on_store(). Metadata in doc-comments is deprecated and will no longer be supported in PHPUnit 12. Update your test code to use attributes instead.

   WARN  Metadata found in doc-comment for method Tests\Feature\SessionControllerTest::validation_errors_on_update(). Metadata in doc-comments is deprecated and will no longer be supported in PHPUnit 12. Update your test code to use attributes instead.

   WARN  Metadata found in doc-comment for method Tests\Feature\StudentControllerTest::student_home_page_loads_successfully(). Metadata in doc-comments is deprecated and will no longer be supported in PHPUnit 12. Update your test code to use attributes instead.

   WARN  Metadata found in doc-comment for method Tests\Feature\StudentControllerTest::student_groups_page_loads_successfully(). Metadata in doc-comments is deprecated and will no longer be supported in PHPUnit 12. Update your test code to use attributes instead.

   WARN  Metadata found in doc-comment for method Tests\Feature\StudentControllerTest::student_can_send_join_request_to_group(). Metadata in doc-comments is deprecated and will no longer be supported in PHPUnit 12. Update your test code to use attributes instead.

   WARN  Metadata found in doc-comment for method Tests\Feature\StudentControllerTest::student_cannot_duplicate_join_request(). Metadata in doc-comments is deprecated and will no longer be supported in PHPUnit 12. Update your test code to use attributes instead.

   WARN  Metadata found in doc-comment for method Tests\Feature\StudentControllerTest::student_sessions_page_loads_successfully(). Metadata in doc-comments is deprecated and will no longer be supported in PHPUnit 12. Update your test code to use attributes instead.

   WARN  Metadata found in doc-comment for method Tests\Feature\StudentControllerTest::student_courses_page_loads_successfully(). Metadata in doc-comments is deprecated and will no longer be supported in PHPUnit 12. Update your test code to use attributes instead.

   WARN  Metadata found in doc-comment for method Tests\Feature\StudentControllerTest::student_can_view_specific_course(). Metadata in doc-comments is deprecated and will no longer be supported in PHPUnit 12. Update your test code to use attributes instead.

   WARN  Metadata found in doc-comment for method Tests\Feature\StudentControllerTest::student_can_view_lesson_inside_course(). Metadata in doc-comments is deprecated and will no longer be supported in PHPUnit 12. Update your test code to use attributes instead.

   PASS  Tests\Unit\ExampleTest
  Ô£ô that true is tÔÇª 0.02s  

   PASS  Tests\Feature\AdminTeacherTest
  Ô£ô admin can acceÔÇª 0.47s  
  Ô£ô teacher cannotÔÇª 0.04s  
  Ô£ô admin can listÔÇª 0.06s  
  Ô£ô admin can creaÔÇª 0.04s  
  Ô£ô admin can reneÔÇª 0.03s  

   FAIL  Tests\Feature\AssignmentAnswerControllerTest
  Ô¿» teacher can viÔÇª 0.08s  
  Ô¿» teacher can upÔÇª 0.05s  
  Ô¿» teacher cannotÔÇª 0.07s  
  Ô£ô student can suÔÇª 0.06s  
  Ô£ô student cannotÔÇª 0.08s  
  Ô£ô student cannotÔÇª 0.07s  
  Ô£ô student can viÔÇª 0.06s  
  Ô£ô student cannotÔÇª 0.05s  
  Ô£ô student cannotÔÇª 0.05s  
  Ô£ô student cannotÔÇª 0.05s  
  Ô£ô student can reÔÇª 0.11s  
  Ô£ô student can reÔÇª 0.07s  

   FAIL  Tests\Feature\AssignmentControllerTest
  Ô£ô teacher can viÔÇª 0.16s  
  Ô£ô teacher can crÔÇª 0.05s  
  Ô£ô teacher can edÔÇª 0.05s  
  Ô£ô teacher can deÔÇª 0.06s  
  Ô¿» teacher can deÔÇª 0.12s  
  Ô£ô student can viÔÇª 0.17s  
  Ô£ô student cannotÔÇª 0.05s  

   PASS  Tests\Feature\Auth\AuthenticationTest
  Ô£ô login screen cÔÇª 0.03s  
  Ô£ô users can authÔÇª 0.03s  
  Ô£ô users can notÔÇª  0.25s  
  Ô£ô users can logoÔÇª 0.08s  

   PASS  Tests\Feature\Auth\EmailVerificationTest
  Ô£ô email verificaÔÇª 0.04s  
  Ô£ô email can be vÔÇª 0.05s  
  Ô£ô email is not vÔÇª 0.03s  

   PASS  Tests\Feature\Auth\PasswordConfirmationTest
  Ô£ô confirm passwoÔÇª 0.04s  
  Ô£ô password can bÔÇª 0.03s  
  Ô£ô password is noÔÇª 0.25s  

   PASS  Tests\Feature\Auth\PasswordResetTest
  Ô£ô reset passwordÔÇª 0.09s  
  Ô£ô reset passwordÔÇª 0.25s  
  Ô£ô reset passwordÔÇª 0.30s  
  Ô£ô password can bÔÇª 0.29s  

   PASS  Tests\Feature\Auth\PasswordUpdateTest
  Ô£ô password can bÔÇª 0.08s  
  Ô£ô correct passwoÔÇª 0.03s  

   PASS  Tests\Feature\Auth\RegistrationTest
  Ô£ô registration sÔÇª 0.03s  
  Ô£ô new users canÔÇª  0.03s  

   FAIL  Tests\Feature\ChatFeatureTest
  Ô£ô student can seÔÇª 0.03s  
  Ô£ô teacher can seÔÇª 0.03s  
  Ô¿» teacher can viÔÇª 1.25s  
  Ô£ô teacher chat lÔÇª 0.05s  

   PASS  Tests\Feature\ContactControllerTest
  Ô£ô it displays thÔÇª 0.06s  
  Ô£ô it displays aÔÇª  0.05s  
  Ô£ô it can store aÔÇª 0.03s  
  Ô£ô it validates rÔÇª 0.03s  
  Ô£ô it can deleteÔÇª  0.04s  
  Ô£ô it can deleteÔÇª  0.04s  

   PASS  Tests\Feature\CourseControllerTest
  Ô£ô teacher can viÔÇª 0.08s  
  Ô£ô teacher can acÔÇª 0.04s  
  Ô£ô teacher can stÔÇª 0.04s  
  Ô£ô teacher cannotÔÇª 0.11s  
  Ô£ô teacher cannotÔÇª 0.04s  
  Ô£ô teacher can viÔÇª 0.05s  
  Ô£ô teacher cannotÔÇª 0.10s  
  Ô£ô teacher can upÔÇª 0.11s  
  Ô£ô teacher cannotÔÇª 0.09s  
  Ô£ô unauthorized uÔÇª 0.05s  
  Ô£ô teacher can deÔÇª 0.07s  
  Ô£ô unauthorized tÔÇª 0.06s  
  Ô£ô guest user canÔÇª 0.05s  

   PASS  Tests\Feature\DashboardControllerTest
  Ô£ô teacher dashboÔÇª 0.16s  
  Ô£ô student home pÔÇª 0.05s  
  Ô£ô student sessioÔÇª 0.03s  

   PASS  Tests\Feature\EnrollmentControllerTest
  Ô£ô student can suÔÇª 0.05s  
  Ô£ô student cannotÔÇª 0.05s  
  Ô£ô unauthorized uÔÇª 0.05s  
  Ô£ô teacher can apÔÇª 0.04s  
  Ô£ô teacher can reÔÇª 0.04s  
  Ô£ô teacher can deÔÇª 0.04s  
  Ô£ô guest cannot aÔÇª 0.05s  

   FAIL  Tests\Feature\ExamControllerTest
  Ô£ô teacher can crÔÇª 0.11s  
  Ô¿» teacher can adÔÇª 0.05s  
  Ô£ô student can viÔÇª 0.05s  
  Ô£ô unauthorized tÔÇª 0.05s  
  Ô£ô student cannotÔÇª 0.05s  
  Ô£ô student can viÔÇª 0.14s  
  Ô£ô student cannotÔÇª 0.05s  

   FAIL  Tests\Feature\ExamQuestionControllerTest
  Ô¿» teacher can adÔÇª 0.04s  
  Ô¿» teacher can edÔÇª 0.04s  
  Ô¿» teacher can upÔÇª 0.04s  
  Ô¿» teacher can deÔÇª 0.04s  
  Ô¿» unauthorized tÔÇª 0.10s  

   FAIL  Tests\Feature\GroupControllerTest
  Ô£ô teacher can viÔÇª 0.05s  
  Ô£ô student cannotÔÇª 0.02s  
  Ô£ô guest cannot aÔÇª 0.02s  
  Ô¿» teacher can crÔÇª 0.04s  
  Ô£ô student cannotÔÇª 0.03s  
  Ô¿» teacher can upÔÇª 0.06s  
  Ô£ô teacher cannotÔÇª 0.04s  
  Ô¿» teacher can deÔÇª 0.04s  
  Ô¿» teacher can adÔÇª 0.09s  
  Ô£ô teacher cannotÔÇª 0.04s  
  Ô¿» student can seÔÇª 0.04s  
  Ô¿» teacher can apÔÇª 0.04s  
  Ô¿» teacher can reÔÇª 0.04s  
  Ô¿» teacher can viÔÇª 1.45s  
  Ô£ô teacher cannotÔÇª 0.04s  
  Ô¿» teacher can reÔÇª 0.04s  
  Ô£ô teacher can seÔÇª 0.03s  
  Ô£ô unauthorized uÔÇª 0.03s  
  Ô¿» teacher cannotÔÇª 0.12s  

   PASS  Tests\Feature\LessonControllerTest
  Ô£ô teacher can viÔÇª 0.06s  
  Ô£ô teacher can viÔÇª 0.04s  
  Ô£ô teacher can stÔÇª 0.07s  
  Ô£ô show lesson paÔÇª 0.08s  
  Ô£ô teacher can edÔÇª 0.05s  
  Ô£ô teacher can upÔÇª 0.05s  
  Ô£ô teacher can deÔÇª 0.13s  
  Ô£ô non owner teacÔÇª 0.10s  

   PASS  Tests\Feature\ProfileControllerTest
  Ô£ô user can viewÔÇª  0.06s  
  Ô£ô user can updatÔÇª 0.03s  
  Ô£ô user can deletÔÇª 0.03s  
  Ô£ô delete fails wÔÇª 0.03s  

   PASS  Tests\Feature\ProfileTest
  Ô£ô profile page iÔÇª 0.04s  
  Ô£ô profile informÔÇª 0.03s  
  Ô£ô email verificaÔÇª 0.03s  
  Ô£ô user can deletÔÇª 0.05s  
  Ô£ô correct passwoÔÇª 0.03s  

   PASS  Tests\Feature\SessionControllerTest
  Ô£ô teacher can viÔÇª 0.09s  
  Ô£ô teacher can viÔÇª 0.04s  
  Ô£ô teacher can stÔÇª 0.05s  
  Ô£ô teacher can viÔÇª 0.13s  
  Ô£ô teacher cannotÔÇª 0.05s  
  Ô£ô teacher can viÔÇª 0.04s  
  Ô£ô teacher can upÔÇª 0.08s  
  Ô£ô teacher cannotÔÇª 0.05s  
  Ô£ô teacher can deÔÇª 0.06s  
  Ô£ô teacher cannotÔÇª 0.08s  
  Ô£ô validation errÔÇª 0.04s  
  Ô£ô validation errÔÇª 0.04s  

   PASS  Tests\Feature\StudentControllerTest
  Ô£ô student home pÔÇª 0.17s  
  Ô£ô student groupsÔÇª 0.06s  
  Ô£ô student can seÔÇª 0.04s  
  Ô£ô student cannotÔÇª 0.04s  
  Ô£ô student sessioÔÇª 0.14s  
  Ô£ô student courseÔÇª 0.06s  
  Ô£ô student can viÔÇª 0.04s  
  Ô£ô student can viÔÇª 0.12s  
  ÔöÇÔöÇÔöÇÔöÇÔöÇÔöÇÔöÇÔöÇÔöÇÔöÇÔöÇÔöÇÔöÇÔöÇÔöÇÔöÇÔöÇÔöÇÔöÇÔöÇÔöÇÔöÇÔöÇ  
   FAILED  Tests\Feature\AssignmentAnswerControllerTest > teacher can view student answer  RouteNotFoundException   
  Route [answers.show] not defined.

  at vendor\laravel\framework\src\Illuminate\Routing\UrlGenerator.php:526
    522Ôûò             ! is_null($url = call_user_func($this->missingNamedRouteResolver, $name, $parameters, $absolute))) {
    523Ôûò             return $url;
    524Ôûò         }
    525Ôûò 
  Ô×£ 526Ôûò         throw new RouteNotFoundException("Route [{$name}] not defined.");
    527Ôûò     }
    528Ôûò 
    529Ôûò     /**
    530Ôûò      * Get the URL for a given route instance.

  1   vendor\laravel\framework\src\Illuminate\Routing\UrlGenerator.php:526
  2   vendor\laravel\framework\src\Illuminate\Foundation\helpers.php:871

  ÔöÇÔöÇÔöÇÔöÇÔöÇÔöÇÔöÇÔöÇÔöÇÔöÇÔöÇÔöÇÔöÇÔöÇÔöÇÔöÇÔöÇÔöÇÔöÇÔöÇÔöÇÔöÇÔöÇ  
   FAILED  Tests\Feature\AssignmentAnswerControllerTest > teacher can update student grade and comment with file  RouteNotFoundException   
  Route [answers.update] not defined.

  at vendor\laravel\framework\src\Illuminate\Routing\UrlGenerator.php:526
    522Ôûò             ! is_null($url = call_user_func($this->missingNamedRouteResolver, $name, $parameters, $absolute))) {
    523Ôûò             return $url;
    524Ôûò         }
    525Ôûò 
  Ô×£ 526Ôûò         throw new RouteNotFoundException("Route [{$name}] not defined.");
    527Ôûò     }
    528Ôûò 
    529Ôûò     /**
    530Ôûò      * Get the URL for a given route instance.

  1   vendor\laravel\framework\src\Illuminate\Routing\UrlGenerator.php:526
  2   vendor\laravel\framework\src\Illuminate\Foundation\helpers.php:871

  ÔöÇÔöÇÔöÇÔöÇÔöÇÔöÇÔöÇÔöÇÔöÇÔöÇÔöÇÔöÇÔöÇÔöÇÔöÇÔöÇÔöÇÔöÇÔöÇÔöÇÔöÇÔöÇÔöÇ  
   FAILED  Tests\Feature\AssignmentAnswerControllerTest > teacher cannot update invalid data  RouteNotFoundException   
  Route [answers.update] not defined.

  at vendor\laravel\framework\src\Illuminate\Routing\UrlGenerator.php:526
    522Ôûò             ! is_null($url = call_user_func($this->missingNamedRouteResolver, $name, $parameters, $absolute))) {
    523Ôûò             return $url;
    524Ôûò         }
    525Ôûò 
  Ô×£ 526Ôûò         throw new RouteNotFoundException("Route [{$name}] not defined.");
    527Ôûò     }
    528Ôûò 
    529Ôûò     /**
    530Ôûò      * Get the URL for a given route instance.

  1   vendor\laravel\framework\src\Illuminate\Routing\UrlGenerator.php:526
  2   vendor\laravel\framework\src\Illuminate\Foundation\helpers.php:871

  ÔöÇÔöÇÔöÇÔöÇÔöÇÔöÇÔöÇÔöÇÔöÇÔöÇÔöÇÔöÇÔöÇÔöÇÔöÇÔöÇÔöÇÔöÇÔöÇÔöÇÔöÇÔöÇÔöÇ  
   FAILED  Tests\Feature\AssignmentControllerTest > teacher can delete a specific file from assignment  RouteNotFoundException   
  Route [assignments.deleteFile] not defined.

  at vendor\laravel\framework\src\Illuminate\Routing\UrlGenerator.php:526
    522Ôûò             ! is_null($url = call_user_func($this->missingNamedRouteResolver, $name, $parameters, $absolute))) {
    523Ôûò             return $url;
    524Ôûò         }
    525Ôûò 
  Ô×£ 526Ôûò         throw new RouteNotFoundException("Route [{$name}] not defined.");
    527Ôûò     }
    528Ôûò 
    529Ôûò     /**
    530Ôûò      * Get the URL for a given route instance.

  1   vendor\laravel\framework\src\Illuminate\Routing\UrlGenerator.php:526
  2   vendor\laravel\framework\src\Illuminate\Foundation\helpers.php:871

  ÔöÇÔöÇÔöÇÔöÇÔöÇÔöÇÔöÇÔöÇÔöÇÔöÇÔöÇÔöÇÔöÇÔöÇÔöÇÔöÇÔöÇÔöÇÔöÇÔöÇÔöÇÔöÇÔöÇ  
   FAILED  Tests\FeaturÔÇª   
  Expected response status code [200] but received 500.
Failed asserting that 500 is identical to 200.

The following exception occurred during the last request:

InvalidArgumentException: Cannot end a section without first starting one. in F:\freelance\dr-mostafa\vendor\laravel\framework\src\Illuminate\View\Concerns\ManagesLayouts.php:94
Stack trace:
#0 F:\freelance\dr-mostafa\storage\framework\views\c5b1c455ea2b7d77065be27c9abd7e73.php(133): Illuminate\View\Factory->stopSection()
#1 F:\freelance\dr-mostafa\vendor\laravel\framework\src\Illuminate\Filesystem\Filesystem.php(123): require('F:\\freelance\\dr...')
#2 F:\freelance\dr-mostafa\vendor\laravel\framework\src\Illuminate\Filesystem\Filesystem.php(124): Illuminate\Filesystem\Filesystem::Illuminate\Filesystem\{closure}()
#3 F:\freelance\dr-mostafa\vendor\laravel\framework\src\Illuminate\View\Engines\PhpEngine.php(57): Illuminate\Filesystem\Filesystem->getRequire('F:\\freelance\\dr...', Array)
#4 F:\freelance\dr-mostafa\vendor\laravel\framework\src\Illuminate\View\Engines\CompilerEngine.php(76): Illuminate\View\Engines\PhpEngine->evaluatePath('F:\\freelance\\dr...', Array)
#5 F:\freelance\dr-mostafa\vendor\laravel\framework\src\Illuminate\View\View.php(208): Illuminate\View\Engines\CompilerEngine->get('F:\\freelance\\dr...', Array)
#6 F:\freelance\dr-mostafa\vendor\laravel\framework\src\Illuminate\View\View.php(191): Illuminate\View\View->getContents()
#7 F:\freelance\dr-mostafa\vendor\laravel\framework\src\Illuminate\View\View.php(160): Illuminate\View\View->renderContents()
#8 F:\freelance\dr-mostafa\vendor\laravel\framework\src\Illuminate\Http\Response.php(78): Illuminate\View\View->render()
#9 F:\freelance\dr-mostafa\vendor\laravel\framework\src\Illuminate\Http\Response.php(34): Illuminate\Http\Response->setContent(Object(Illuminate\View\View))
#10 F:\freelance\dr-mostafa\vendor\laravel\framework\src\Illuminate\Routing\Router.php(939): Illuminate\Http\Response->__construct(Object(Illuminate\View\View), 200, Array)
#11 F:\freelance\dr-mostafa\vendor\laravel\framework\src\Illuminate\Routing\Router.php(906): Illuminate\Routing\Router::toResponse(Object(Illuminate\Http\Request), Object(Illuminate\View\View))
#12 F:\freelance\dr-mostafa\vendor\laravel\framework\src\Illuminate\Routing\Router.php(821): Illuminate\Routing\Router->prepareResponse(Object(Illuminate\Http\Request), Object(Illuminate\View\View))
#13 F:\freelance\dr-mostafa\vendor\laravel\framework\src\Illuminate\Pipeline\Pipeline.php(180): Illuminate\Routing\Router->Illuminate\Routing\{closure}(Object(Illuminate\Http\Request))
#14 F:\freelance\dr-mostafa\app\Http\Middleware\CheckSubscription.php(19): Illuminate\Pipeline\Pipeline->Illuminate\Pipeline\{closure}(Object(Illuminate\Http\Request))
#15 F:\freelance\dr-mostafa\vendor\laravel\framework\src\Illuminate\Pipeline\Pipeline.php(219): App\Http\Middleware\CheckSubscription->handle(Object(Illuminate\Http\Request), Object(Closure))
#16 F:\freelance\dr-mostafa\app\Http\Middleware\RoleMiddleware.php(24): Illuminate\Pipeline\Pipeline->Illuminate\Pipeline\{closure}(Object(Illuminate\Http\Request))
#17 F:\freelance\dr-mostafa\vendor\laravel\framework\src\Illuminate\Pipeline\Pipeline.php(219): App\Http\Middleware\RoleMiddleware->handle(Object(Illuminate\Http\Request), Object(Closure), 'teacher')
#18 F:\freelance\dr-mostafa\vendor\laravel\framework\src\Illuminate\Routing\Middleware\SubstituteBindings.php(50): Illuminate\Pipeline\Pipeline->Illuminate\Pipeline\{closure}(Object(Illuminate\Http\Request))
#19 F:\freelance\dr-mostafa\vendor\laravel\framework\src\Illuminate\Pipeline\Pipeline.php(219): Illuminate\Routing\Middleware\SubstituteBindings->handle(Object(Illuminate\Http\Request), Object(Closure))
#20 F:\freelance\dr-mostafa\vendor\laravel\framework\src\Illuminate\Auth\Middleware\Authenticate.php(63): Illuminate\Pipeline\Pipeline->Illuminate\Pipeline\{closure}(Object(Illuminate\Http\Request))
#21 F:\freelance\dr-mostafa\vendor\laravel\framework\src\Illuminate\Pipeline\Pipeline.php(219): Illuminate\Auth\Middleware\Authenticate->handle(Object(Illuminate\Http\Request), Object(Closure))
#22 F:\freelance\dr-mostafa\vendor\laravel\framework\src\Illuminate\Foundation\Http\Middleware\VerifyCsrfToken.php(87): Illuminate\Pipeline\Pipeline->Illuminate\Pipeline\{closure}(Object(Illuminate\Http\Request))
#23 F:\freelance\dr-mostafa\vendor\laravel\framework\src\Illuminate\Pipeline\Pipeline.php(219): Illuminate\Foundation\Http\Middleware\VerifyCsrfToken->handle(Object(Illuminate\Http\Request), Object(Closure))
#24 F:\freelance\dr-mostafa\vendor\laravel\framework\src\Illuminate\View\Middleware\ShareErrorsFromSession.php(48): Illuminate\Pipeline\Pipeline->Illuminate\Pipeline\{closure}(Object(Illuminate\Http\Request))
#25 F:\freelance\dr-mostafa\vendor\laravel\framework\src\Illuminate\Pipeline\Pipeline.php(219): Illuminate\View\Middleware\ShareErrorsFromSession->handle(Object(Illuminate\Http\Request), Object(Closure))
#26 F:\freelance\dr-mostafa\vendor\laravel\framework\src\Illuminate\Session\Middleware\StartSession.php(120): Illuminate\Pipeline\Pipeline->Illuminate\Pipeline\{closure}(Object(Illuminate\Http\Request))
#27 F:\freelance\dr-mostafa\vendor\laravel\framework\src\Illuminate\Session\Middleware\StartSession.php(63): Illuminate\Session\Middleware\StartSession->handleStatefulRequest(Object(Illuminate\Http\Request), Object(Illuminate\Session\Store), Object(Closure))
#28 F:\freelance\dr-mostafa\vendor\laravel\framework\src\Illuminate\Pipeline\Pipeline.php(219): Illuminate\Session\Middleware\StartSession->handle(Object(Illuminate\Http\Request), Object(Closure))
#29 F:\freelance\dr-mostafa\vendor\laravel\framework\src\Illuminate\Cookie\Middleware\AddQueuedCookiesToResponse.php(36): Illuminate\Pipeline\Pipeline->Illuminate\Pipeline\{closure}(Object(Illuminate\Http\Request))
#30 F:\freelance\dr-mostafa\vendor\laravel\framework\src\Illuminate\Pipeline\Pipeline.php(219): Illuminate\Cookie\Middleware\AddQueuedCookiesToResponse->handle(Object(Illuminate\Http\Request), Object(Closure))
#31 F:\freelance\dr-mostafa\vendor\laravel\framework\src\Illuminate\Cookie\Middleware\EncryptCookies.php(74): Illuminate\Pipeline\Pipeline->Illuminate\Pipeline\{closure}(Object(Illuminate\Http\Request))
#32 F:\freelance\dr-mostafa\vendor\laravel\framework\src\Illuminate\Pipeline\Pipeline.php(219): Illuminate\Cookie\Middleware\EncryptCookies->handle(Object(Illuminate\Http\Request), Object(Closure))
#33 F:\freelance\dr-mostafa\vendor\laravel\framework\src\Illuminate\Pipeline\Pipeline.php(137): Illuminate\Pipeline\Pipeline->Illuminate\Pipeline\{closure}(Object(Illuminate\Http\Request))
#34 F:\freelance\dr-mostafa\vendor\laravel\framework\src\Illuminate\Routing\Router.php(821): Illuminate\Pipeline\Pipeline->then(Object(Closure))
#35 F:\freelance\dr-mostafa\vendor\laravel\framework\src\Illuminate\Routing\Router.php(800): Illuminate\Routing\Router->runRouteWithinStack(Object(Illuminate\Routing\Route), Object(Illuminate\Http\Request))
#36 F:\freelance\dr-mostafa\vendor\laravel\framework\src\Illuminate\Routing\Router.php(764): Illuminate\Routing\Router->runRoute(Object(Illuminate\Http\Request), Object(Illuminate\Routing\Route))
#37 F:\freelance\dr-mostafa\vendor\laravel\framework\src\Illuminate\Routing\Router.php(753): Illuminate\Routing\Router->dispatchToRoute(Object(Illuminate\Http\Request))
#38 F:\freelance\dr-mostafa\vendor\laravel\framework\src\Illuminate\Foundation\Http\Kernel.php(200): Illuminate\Routing\Router->dispatch(Object(Illuminate\Http\Request))
#39 F:\freelance\dr-mostafa\vendor\laravel\framework\src\Illuminate\Pipeline\Pipeline.php(180): Illuminate\Foundation\Http\Kernel->Illuminate\Foundation\Http\{closure}(Object(Illuminate\Http\Request))
#40 F:\freelance\dr-mostafa\vendor\laravel\framework\src\Illuminate\Foundation\Http\Middleware\TransformsRequest.php(21): Illuminate\Pipeline\Pipeline->Illuminate\Pipeline\{closure}(Object(Illuminate\Http\Request))
#41 F:\freelance\dr-mostafa\vendor\laravel\framework\src\Illuminate\Foundation\Http\Middleware\ConvertEmptyStringsToNull.php(31): Illuminate\Foundation\Http\Middleware\TransformsRequest->handle(Object(Illuminate\Http\Request), Object(Closure))
#42 F:\freelance\dr-mostafa\vendor\laravel\framework\src\Illuminate\Pipeline\Pipeline.php(219): Illuminate\Foundation\Http\Middleware\ConvertEmptyStringsToNull->handle(Object(Illuminate\Http\Request), Object(Closure))
#43 F:\freelance\dr-mostafa\vendor\laravel\framework\src\Illuminate\Foundation\Http\Middleware\TransformsRequest.php(21): Illuminate\Pipeline\Pipeline->Illuminate\Pipeline\{closure}(Object(Illuminate\Http\Request))
#44 F:\freelance\dr-mostafa\vendor\laravel\framework\src\Illuminate\Foundation\Http\Middleware\TrimStrings.php(51): Illuminate\Foundation\Http\Middleware\TransformsRequest->handle(Object(Illuminate\Http\Request), Object(Closure))
#45 F:\freelance\dr-mostafa\vendor\laravel\framework\src\Illuminate\Pipeline\Pipeline.php(219): Illuminate\Foundation\Http\Middleware\TrimStrings->handle(Object(Illuminate\Http\Request), Object(Closure))
#46 F:\freelance\dr-mostafa\vendor\laravel\framework\src\Illuminate\Http\Middleware\ValidatePostSize.php(27): Illuminate\Pipeline\Pipeline->Illuminate\Pipeline\{closure}(Object(Illuminate\Http\Request))
#47 F:\freelance\dr-mostafa\vendor\laravel\framework\src\Illuminate\Pipeline\Pipeline.php(219): Illuminate\Http\Middleware\ValidatePostSize->handle(Object(Illuminate\Http\Request), Object(Closure))
#48 F:\freelance\dr-mostafa\vendor\laravel\framework\src\Illuminate\Foundation\Http\Middleware\PreventRequestsDuringMaintenance.php(109): Illuminate\Pipeline\Pipeline->Illuminate\Pipeline\{closure}(Object(Illuminate\Http\Request))
#49 F:\freelance\dr-mostafa\vendor\laravel\framework\src\Illuminate\Pipeline\Pipeline.php(219): Illuminate\Foundation\Http\Middleware\PreventRequestsDuringMaintenance->handle(Object(Illuminate\Http\Request), Object(Closure))
#50 F:\freelance\dr-mostafa\vendor\laravel\framework\src\Illuminate\Http\Middleware\HandleCors.php(48): Illuminate\Pipeline\Pipeline->Illuminate\Pipeline\{closure}(Object(Illuminate\Http\Request))
#51 F:\freelance\dr-mostafa\vendor\laravel\framework\src\Illuminate\Pipeline\Pipeline.php(219): Illuminate\Http\Middleware\HandleCors->handle(Object(Illuminate\Http\Request), Object(Closure))
#52 F:\freelance\dr-mostafa\vendor\laravel\framework\src\Illuminate\Http\Middleware\TrustProxies.php(58): Illuminate\Pipeline\Pipeline->Illuminate\Pipeline\{closure}(Object(Illuminate\Http\Request))
#53 F:\freelance\dr-mostafa\vendor\laravel\framework\src\Illuminate\Pipeline\Pipeline.php(219): Illuminate\Http\Middleware\TrustProxies->handle(Object(Illuminate\Http\Request), Object(Closure))
#54 F:\freelance\dr-mostafa\vendor\laravel\framework\src\Illuminate\Foundation\Http\Middleware\InvokeDeferredCallbacks.php(22): Illuminate\Pipeline\Pipeline->Illuminate\Pipeline\{closure}(Object(Illuminate\Http\Request))
#55 F:\freelance\dr-mostafa\vendor\laravel\framework\src\Illuminate\Pipeline\Pipeline.php(219): Illuminate\Foundation\Http\Middleware\InvokeDeferredCallbacks->handle(Object(Illuminate\Http\Request), Object(Closure))
#56 F:\freelance\dr-mostafa\vendor\laravel\framework\src\Illuminate\Http\Middleware\ValidatePathEncoding.php(26): Illuminate\Pipeline\Pipeline->Illuminate\Pipeline\{closure}(Object(Illuminate\Http\Request))
#57 F:\freelance\dr-mostafa\vendor\laravel\framework\src\Illuminate\Pipeline\Pipeline.php(219): Illuminate\Http\Middleware\ValidatePathEncoding->handle(Object(Illuminate\Http\Request), Object(Closure))
#58 F:\freelance\dr-mostafa\vendor\laravel\framework\src\Illuminate\Pipeline\Pipeline.php(137): Illuminate\Pipeline\Pipeline->Illuminate\Pipeline\{closure}(Object(Illuminate\Http\Request))
#59 F:\freelance\dr-mostafa\vendor\laravel\framework\src\Illuminate\Foundation\Http\Kernel.php(175): Illuminate\Pipeline\Pipeline->then(Object(Closure))
#60 F:\freelance\dr-mostafa\vendor\laravel\framework\src\Illuminate\Foundation\Http\Kernel.php(144): Illuminate\Foundation\Http\Kernel->sendRequestThroughRouter(Object(Illuminate\Http\Request))
#61 F:\freelance\dr-mostafa\vendor\laravel\framework\src\Illuminate\Foundation\Testing\Concerns\MakesHttpRequests.php(607): Illuminate\Foundation\Http\Kernel->handle(Object(Illuminate\Http\Request))
#62 F:\freelance\dr-mostafa\vendor\laravel\framework\src\Illuminate\Foundation\Testing\Concerns\MakesHttpRequests.php(368): Illuminate\Foundation\Testing\TestCase->call('GET', 'http://localhos...', Array, Array, Array, Array)
#63 F:\freelance\dr-mostafa\tests\Feature\ChatFeatureTest.php(75): Illuminate\Foundation\Testing\TestCase->get('http://localhos...')
#64 F:\freelance\dr-mostafa\vendor\phpunit\phpunit\src\Framework\TestCase.php(1656): Tests\Feature\ChatFeatureTest->teacher_can_view_student_chat_and_marks_unread_as_read()
#65 F:\freelance\dr-mostafa\vendor\phpunit\phpunit\src\Framework\TestCase.php(514): PHPUnit\Framework\TestCase->runTest()
#66 F:\freelance\dr-mostafa\vendor\phpunit\phpunit\src\Framework\TestRunner\TestRunner.php(87): PHPUnit\Framework\TestCase->runBare()
#67 F:\freelance\dr-mostafa\vendor\phpunit\phpunit\src\Framework\TestCase.php(361): PHPUnit\Framework\TestRunner->run(Object(Tests\Feature\ChatFeatureTest))
#68 F:\freelance\dr-mostafa\vendor\phpunit\phpunit\src\Framework\TestSuite.php(369): PHPUnit\Framework\TestCase->run()
#69 F:\freelance\dr-mostafa\vendor\phpunit\phpunit\src\Framework\TestSuite.php(369): PHPUnit\Framework\TestSuite->run()
#70 F:\freelance\dr-mostafa\vendor\phpunit\phpunit\src\Framework\TestSuite.php(369): PHPUnit\Framework\TestSuite->run()
#71 F:\freelance\dr-mostafa\vendor\phpunit\phpunit\src\TextUI\TestRunner.php(64): PHPUnit\Framework\TestSuite->run()
#72 F:\freelance\dr-mostafa\vendor\phpunit\phpunit\src\TextUI\Application.php(211): PHPUnit\TextUI\TestRunner->run(Object(PHPUnit\TextUI\Configuration\Configuration), Object(PHPUnit\Runner\ResultCache\DefaultResultCache), Object(PHPUnit\Framework\TestSuite))
#73 F:\freelance\dr-mostafa\vendor\pestphp\pest\src\Kernel.php(103): PHPUnit\TextUI\Application->run(Array)
#74 F:\freelance\dr-mostafa\vendor\pestphp\pest\bin\pest(184): Pest\Kernel->handle(Array, Array)
#75 F:\freelance\dr-mostafa\vendor\pestphp\pest\bin\pest(192): {closure}()
#76 {main}

Next Illuminate\View\ViewException: Cannot end a section without first starting one. (View: F:\freelance\dr-mostafa\resources\views\teacher\chat\show.blade.php) in F:\freelance\dr-mostafa\vendor\laravel\framework\src\Illuminate\View\Concerns\ManagesLayouts.php:94
Stack trace:
#0 F:\freelance\dr-mostafa\vendor\laravel\framework\src\Illuminate\View\Engines\PhpEngine.php(59): Illuminate\View\Engines\CompilerEngine->handleViewException(Object(InvalidArgumentException), 2)
#1 F:\freelance\dr-mostafa\vendor\laravel\framework\src\Illuminate\View\Engines\CompilerEngine.php(76): Illuminate\View\Engines\PhpEngine->evaluatePath('F:\\freelance\\dr...', Array)
#2 F:\freelance\dr-mostafa\vendor\laravel\framework\src\Illuminate\View\View.php(208): Illuminate\View\Engines\CompilerEngine->get('F:\\freelance\\dr...', Array)
#3 F:\freelance\dr-mostafa\vendor\laravel\framework\src\Illuminate\View\View.php(191): Illuminate\View\View->getContents()
#4 F:\freelance\dr-mostafa\vendor\laravel\framework\src\Illuminate\View\View.php(160): Illuminate\View\View->renderContents()
#5 F:\freelance\dr-mostafa\vendor\laravel\framework\src\Illuminate\Http\Response.php(78): Illuminate\View\View->render()
#6 F:\freelance\dr-mostafa\vendor\laravel\framework\src\Illuminate\Http\Response.php(34): Illuminate\Http\Response->setContent(Object(Illuminate\View\View))
#7 F:\freelance\dr-mostafa\vendor\laravel\framework\src\Illuminate\Routing\Router.php(939): Illuminate\Http\Response->__construct(Object(Illuminate\View\View), 200, Array)
#8 F:\freelance\dr-mostafa\vendor\laravel\framework\src\Illuminate\Routing\Router.php(906): Illuminate\Routing\Router::toResponse(Object(Illuminate\Http\Request), Object(Illuminate\View\View))
#9 F:\freelance\dr-mostafa\vendor\laravel\framework\src\Illuminate\Routing\Router.php(821): Illuminate\Routing\Router->prepareResponse(Object(Illuminate\Http\Request), Object(Illuminate\View\View))
#10 F:\freelance\dr-mostafa\vendor\laravel\framework\src\Illuminate\Pipeline\Pipeline.php(180): Illuminate\Routing\Router->Illuminate\Routing\{closure}(Object(Illuminate\Http\Request))
#11 F:\freelance\dr-mostafa\app\Http\Middleware\CheckSubscription.php(19): Illuminate\Pipeline\Pipeline->Illuminate\Pipeline\{closure}(Object(Illuminate\Http\Request))
#12 F:\freelance\dr-mostafa\vendor\laravel\framework\src\Illuminate\Pipeline\Pipeline.php(219): App\Http\Middleware\CheckSubscription->handle(Object(Illuminate\Http\Request), Object(Closure))
#13 F:\freelance\dr-mostafa\app\Http\Middleware\RoleMiddleware.php(24): Illuminate\Pipeline\Pipeline->Illuminate\Pipeline\{closure}(Object(Illuminate\Http\Request))
#14 F:\freelance\dr-mostafa\vendor\laravel\framework\src\Illuminate\Pipeline\Pipeline.php(219): App\Http\Middleware\RoleMiddleware->handle(Object(Illuminate\Http\Request), Object(Closure), 'teacher')
#15 F:\freelance\dr-mostafa\vendor\laravel\framework\src\Illuminate\Routing\Middleware\SubstituteBindings.php(50): Illuminate\Pipeline\Pipeline->Illuminate\Pipeline\{closure}(Object(Illuminate\Http\Request))
#16 F:\freelance\dr-mostafa\vendor\laravel\framework\src\Illuminate\Pipeline\Pipeline.php(219): Illuminate\Routing\Middleware\SubstituteBindings->handle(Object(Illuminate\Http\Request), Object(Closure))
#17 F:\freelance\dr-mostafa\vendor\laravel\framework\src\Illuminate\Auth\Middleware\Authenticate.php(63): Illuminate\Pipeline\Pipeline->Illuminate\Pipeline\{closure}(Object(Illuminate\Http\Request))
#18 F:\freelance\dr-mostafa\vendor\laravel\framework\src\Illuminate\Pipeline\Pipeline.php(219): Illuminate\Auth\Middleware\Authenticate->handle(Object(Illuminate\Http\Request), Object(Closure))
#19 F:\freelance\dr-mostafa\vendor\laravel\framework\src\Illuminate\Foundation\Http\Middleware\VerifyCsrfToken.php(87): Illuminate\Pipeline\Pipeline->Illuminate\Pipeline\{closure}(Object(Illuminate\Http\Request))
#20 F:\freelance\dr-mostafa\vendor\laravel\framework\src\Illuminate\Pipeline\Pipeline.php(219): Illuminate\Foundation\Http\Middleware\VerifyCsrfToken->handle(Object(Illuminate\Http\Request), Object(Closure))
#21 F:\freelance\dr-mostafa\vendor\laravel\framework\src\Illuminate\View\Middleware\ShareErrorsFromSession.php(48): Illuminate\Pipeline\Pipeline->Illuminate\Pipeline\{closure}(Object(Illuminate\Http\Request))
#22 F:\freelance\dr-mostafa\vendor\laravel\framework\src\Illuminate\Pipeline\Pipeline.php(219): Illuminate\View\Middleware\ShareErrorsFromSession->handle(Object(Illuminate\Http\Request), Object(Closure))
#23 F:\freelance\dr-mostafa\vendor\laravel\framework\src\Illuminate\Session\Middleware\StartSession.php(120): Illuminate\Pipeline\Pipeline->Illuminate\Pipeline\{closure}(Object(Illuminate\Http\Request))
#24 F:\freelance\dr-mostafa\vendor\laravel\framework\src\Illuminate\Session\Middleware\StartSession.php(63): Illuminate\Session\Middleware\StartSession->handleStatefulRequest(Object(Illuminate\Http\Request), Object(Illuminate\Session\Store), Object(Closure))
#25 F:\freelance\dr-mostafa\vendor\laravel\framework\src\Illuminate\Pipeline\Pipeline.php(219): Illuminate\Session\Middleware\StartSession->handle(Object(Illuminate\Http\Request), Object(Closure))
#26 F:\freelance\dr-mostafa\vendor\laravel\framework\src\Illuminate\Cookie\Middleware\AddQueuedCookiesToResponse.php(36): Illuminate\Pipeline\Pipeline->Illuminate\Pipeline\{closure}(Object(Illuminate\Http\Request))
#27 F:\freelance\dr-mostafa\vendor\laravel\framework\src\Illuminate\Pipeline\Pipeline.php(219): Illuminate\Cookie\Middleware\AddQueuedCookiesToResponse->handle(Object(Illuminate\Http\Request), Object(Closure))
#28 F:\freelance\dr-mostafa\vendor\laravel\framework\src\Illuminate\Cookie\Middleware\EncryptCookies.php(74): Illuminate\Pipeline\Pipeline->Illuminate\Pipeline\{closure}(Object(Illuminate\Http\Request))
#29 F:\freelance\dr-mostafa\vendor\laravel\framework\src\Illuminate\Pipeline\Pipeline.php(219): Illuminate\Cookie\Middleware\EncryptCookies->handle(Object(Illuminate\Http\Request), Object(Closure))
#30 F:\freelance\dr-mostafa\vendor\laravel\framework\src\Illuminate\Pipeline\Pipeline.php(137): Illuminate\Pipeline\Pipeline->Illuminate\Pipeline\{closure}(Object(Illuminate\Http\Request))
#31 F:\freelance\dr-mostafa\vendor\laravel\framework\src\Illuminate\Routing\Router.php(821): Illuminate\Pipeline\Pipeline->then(Object(Closure))
#32 F:\freelance\dr-mostafa\vendor\laravel\framework\src\Illuminate\Routing\Router.php(800): Illuminate\Routing\Router->runRouteWithinStack(Object(Illuminate\Routing\Route), Object(Illuminate\Http\Request))
#33 F:\freelance\dr-mostafa\vendor\laravel\framework\src\Illuminate\Routing\Router.php(764): Illuminate\Routing\Router->runRoute(Object(Illuminate\Http\Request), Object(Illuminate\Routing\Route))
#34 F:\freelance\dr-mostafa\vendor\laravel\framework\src\Illuminate\Routing\Router.php(753): Illuminate\Routing\Router->dispatchToRoute(Object(Illuminate\Http\Request))
#35 F:\freelance\dr-mostafa\vendor\laravel\framework\src\Illuminate\Foundation\Http\Kernel.php(200): Illuminate\Routing\Router->dispatch(Object(Illuminate\Http\Request))
#36 F:\freelance\dr-mostafa\vendor\laravel\framework\src\Illuminate\Pipeline\Pipeline.php(180): Illuminate\Foundation\Http\Kernel->Illuminate\Foundation\Http\{closure}(Object(Illuminate\Http\Request))
#37 F:\freelance\dr-mostafa\vendor\laravel\framework\src\Illuminate\Foundation\Http\Middleware\TransformsRequest.php(21): Illuminate\Pipeline\Pipeline->Illuminate\Pipeline\{closure}(Object(Illuminate\Http\Request))
#38 F:\freelance\dr-mostafa\vendor\laravel\framework\src\Illuminate\Foundation\Http\Middleware\ConvertEmptyStringsToNull.php(31): Illuminate\Foundation\Http\Middleware\TransformsRequest->handle(Object(Illuminate\Http\Request), Object(Closure))
#39 F:\freelance\dr-mostafa\vendor\laravel\framework\src\Illuminate\Pipeline\Pipeline.php(219): Illuminate\Foundation\Http\Middleware\ConvertEmptyStringsToNull->handle(Object(Illuminate\Http\Request), Object(Closure))
#40 F:\freelance\dr-mostafa\vendor\laravel\framework\src\Illuminate\Foundation\Http\Middleware\TransformsRequest.php(21): Illuminate\Pipeline\Pipeline->Illuminate\Pipeline\{closure}(Object(Illuminate\Http\Request))
#41 F:\freelance\dr-mostafa\vendor\laravel\framework\src\Illuminate\Foundation\Http\Middleware\TrimStrings.php(51): Illuminate\Foundation\Http\Middleware\TransformsRequest->handle(Object(Illuminate\Http\Request), Object(Closure))
#42 F:\freelance\dr-mostafa\vendor\laravel\framework\src\Illuminate\Pipeline\Pipeline.php(219): Illuminate\Foundation\Http\Middleware\TrimStrings->handle(Object(Illuminate\Http\Request), Object(Closure))
#43 F:\freelance\dr-mostafa\vendor\laravel\framework\src\Illuminate\Http\Middleware\ValidatePostSize.php(27): Illuminate\Pipeline\Pipeline->Illuminate\Pipeline\{closure}(Object(Illuminate\Http\Request))
#44 F:\freelance\dr-mostafa\vendor\laravel\framework\src\Illuminate\Pipeline\Pipeline.php(219): Illuminate\Http\Middleware\ValidatePostSize->handle(Object(Illuminate\Http\Request), Object(Closure))
#45 F:\freelance\dr-mostafa\vendor\laravel\framework\src\Illuminate\Foundation\Http\Middleware\PreventRequestsDuringMaintenance.php(109): Illuminate\Pipeline\Pipeline->Illuminate\Pipeline\{closure}(Object(Illuminate\Http\Request))
#46 F:\freelance\dr-mostafa\vendor\laravel\framework\src\Illuminate\Pipeline\Pipeline.php(219): Illuminate\Foundation\Http\Middleware\PreventRequestsDuringMaintenance->handle(Object(Illuminate\Http\Request), Object(Closure))
#47 F:\freelance\dr-mostafa\vendor\laravel\framework\src\Illuminate\Http\Middleware\HandleCors.php(48): Illuminate\Pipeline\Pipeline->Illuminate\Pipeline\{closure}(Object(Illuminate\Http\Request))
#48 F:\freelance\dr-mostafa\vendor\laravel\framework\src\Illuminate\Pipeline\Pipeline.php(219): Illuminate\Http\Middleware\HandleCors->handle(Object(Illuminate\Http\Request), Object(Closure))
#49 F:\freelance\dr-mostafa\vendor\laravel\framework\src\Illuminate\Http\Middleware\TrustProxies.php(58): Illuminate\Pipeline\Pipeline->Illuminate\Pipeline\{closure}(Object(Illuminate\Http\Request))
#50 F:\freelance\dr-mostafa\vendor\laravel\framework\src\Illuminate\Pipeline\Pipeline.php(219): Illuminate\Http\Middleware\TrustProxies->handle(Object(Illuminate\Http\Request), Object(Closure))
#51 F:\freelance\dr-mostafa\vendor\laravel\framework\src\Illuminate\Foundation\Http\Middleware\InvokeDeferredCallbacks.php(22): Illuminate\Pipeline\Pipeline->Illuminate\Pipeline\{closure}(Object(Illuminate\Http\Request))
#52 F:\freelance\dr-mostafa\vendor\laravel\framework\src\Illuminate\Pipeline\Pipeline.php(219): Illuminate\Foundation\Http\Middleware\InvokeDeferredCallbacks->handle(Object(Illuminate\Http\Request), Object(Closure))
#53 F:\freelance\dr-mostafa\vendor\laravel\framework\src\Illuminate\Http\Middleware\ValidatePathEncoding.php(26): Illuminate\Pipeline\Pipeline->Illuminate\Pipeline\{closure}(Object(Illuminate\Http\Request))
#54 F:\freelance\dr-mostafa\vendor\laravel\framework\src\Illuminate\Pipeline\Pipeline.php(219): Illuminate\Http\Middleware\ValidatePathEncoding->handle(Object(Illuminate\Http\Request), Object(Closure))
#55 F:\freelance\dr-mostafa\vendor\laravel\framework\src\Illuminate\Pipeline\Pipeline.php(137): Illuminate\Pipeline\Pipeline->Illuminate\Pipeline\{closure}(Object(Illuminate\Http\Request))
#56 F:\freelance\dr-mostafa\vendor\laravel\framework\src\Illuminate\Foundation\Http\Kernel.php(175): Illuminate\Pipeline\Pipeline->then(Object(Closure))
#57 F:\freelance\dr-mostafa\vendor\laravel\framework\src\Illuminate\Foundation\Http\Kernel.php(144): Illuminate\Foundation\Http\Kernel->sendRequestThroughRouter(Object(Illuminate\Http\Request))
#58 F:\freelance\dr-mostafa\vendor\laravel\framework\src\Illuminate\Foundation\Testing\Concerns\MakesHttpRequests.php(607): Illuminate\Foundation\Http\Kernel->handle(Object(Illuminate\Http\Request))
#59 F:\freelance\dr-mostafa\vendor\laravel\framework\src\Illuminate\Foundation\Testing\Concerns\MakesHttpRequests.php(368): Illuminate\Foundation\Testing\TestCase->call('GET', 'http://localhos...', Array, Array, Array, Array)
#60 F:\freelance\dr-mostafa\tests\Feature\ChatFeatureTest.php(75): Illuminate\Foundation\Testing\TestCase->get('http://localhos...')
#61 F:\freelance\dr-mostafa\vendor\phpunit\phpunit\src\Framework\TestCase.php(1656): Tests\Feature\ChatFeatureTest->teacher_can_view_student_chat_and_marks_unread_as_read()
#62 F:\freelance\dr-mostafa\vendor\phpunit\phpunit\src\Framework\TestCase.php(514): PHPUnit\Framework\TestCase->runTest()
#63 F:\freelance\dr-mostafa\vendor\phpunit\phpunit\src\Framework\TestRunner\TestRunner.php(87): PHPUnit\Framework\TestCase->runBare()
#64 F:\freelance\dr-mostafa\vendor\phpunit\phpunit\src\Framework\TestCase.php(361): PHPUnit\Framework\TestRunner->run(Object(Tests\Feature\ChatFeatureTest))
#65 F:\freelance\dr-mostafa\vendor\phpunit\phpunit\src\Framework\TestSuite.php(369): PHPUnit\Framework\TestCase->run()
#66 F:\freelance\dr-mostafa\vendor\phpunit\phpunit\src\Framework\TestSuite.php(369): PHPUnit\Framework\TestSuite->run()
#67 F:\freelance\dr-mostafa\vendor\phpunit\phpunit\src\Framework\TestSuite.php(369): PHPUnit\Framework\TestSuite->run()
#68 F:\freelance\dr-mostafa\vendor\phpunit\phpunit\src\TextUI\TestRunner.php(64): PHPUnit\Framework\TestSuite->run()
#69 F:\freelance\dr-mostafa\vendor\phpunit\phpunit\src\TextUI\Application.php(211): PHPUnit\TextUI\TestRunner->run(Object(PHPUnit\TextUI\Configuration\Configuration), Object(PHPUnit\Runner\ResultCache\DefaultResultCache), Object(PHPUnit\Framework\TestSuite))
#70 F:\freelance\dr-mostafa\vendor\pestphp\pest\src\Kernel.php(103): PHPUnit\TextUI\Application->run(Array)
#71 F:\freelance\dr-mostafa\vendor\pestphp\pest\bin\pest(184): Pest\Kernel->handle(Array, Array)
#72 F:\freelance\dr-mostafa\vendor\pestphp\pest\bin\pest(192): {closure}()
#73 {main}

----------------------------------------------------------------------------------

Cannot end a section without first starting one. (View: F:\freelance\dr-mostafa\resources\views\teacher\chat\show.blade.php)

  at tests\Feature\ChatFeatureTest.php:77
     73Ôûò         $this->actingAs($this->teacher);
     74Ôûò 
     75Ôûò         $response = $this->get(route('teacher.chat.show', $this->student->id));
     76Ôûò 
  Ô×£  77Ôûò         $response->assertStatus(200);
     78Ôûò         $response->assertSee('Please check my homework!');
     79Ôûò 
     80Ôûò         $this->assertNotNull($chat->fresh()->read_at);
     81Ôûò     }

  ÔöÇÔöÇÔöÇÔöÇÔöÇÔöÇÔöÇÔöÇÔöÇÔöÇÔöÇÔöÇÔöÇÔöÇÔöÇÔöÇÔöÇÔöÇÔöÇÔöÇÔöÇÔöÇÔöÇ  
   FAILED  Tests\Feature\ExamControllerTest > teacher can add question to exam  RouteNotFoundException   
  Route [exams.addQuestion] not defined.

  at vendor\laravel\framework\src\Illuminate\Routing\UrlGenerator.php:526
    522Ôûò             ! is_null($url = call_user_func($this->missingNamedRouteResolver, $name, $parameters, $absolute))) {
    523Ôûò             return $url;
    524Ôûò         }
    525Ôûò 
  Ô×£ 526Ôûò         throw new RouteNotFoundException("Route [{$name}] not defined.");
    527Ôûò     }
    528Ôûò 
    529Ôûò     /**
    530Ôûò      * Get the URL for a given route instance.

  1   vendor\laravel\framework\src\Illuminate\Routing\UrlGenerator.php:526
  2   vendor\laravel\framework\src\Illuminate\Foundation\helpers.php:871

  ÔöÇÔöÇÔöÇÔöÇÔöÇÔöÇÔöÇÔöÇÔöÇÔöÇÔöÇÔöÇÔöÇÔöÇÔöÇÔöÇÔöÇÔöÇÔöÇÔöÇÔöÇÔöÇÔöÇ  
   FAILED  Tests\Feature\ExamQuestionControllerTest > teacher can add a question to exam  RouteNotFoundException   
  Route [exams.addQuestion] not defined.

  at vendor\laravel\framework\src\Illuminate\Routing\UrlGenerator.php:526
    522Ôûò             ! is_null($url = call_user_func($this->missingNamedRouteResolver, $name, $parameters, $absolute))) {
    523Ôûò             return $url;
    524Ôûò         }
    525Ôûò 
  Ô×£ 526Ôûò         throw new RouteNotFoundException("Route [{$name}] not defined.");
    527Ôûò     }
    528Ôûò 
    529Ôûò     /**
    530Ôûò      * Get the URL for a given route instance.

  1   vendor\laravel\framework\src\Illuminate\Routing\UrlGenerator.php:526
  2   vendor\laravel\framework\src\Illuminate\Foundation\helpers.php:871

  ÔöÇÔöÇÔöÇÔöÇÔöÇÔöÇÔöÇÔöÇÔöÇÔöÇÔöÇÔöÇÔöÇÔöÇÔöÇÔöÇÔöÇÔöÇÔöÇÔöÇÔöÇÔöÇÔöÇ  
   FAILED  Tests\Feature\ExamQuestionControllerTest > teacher can edit a question  RouteNotFoundException   
  Route [questions.edit] not defined.

  at vendor\laravel\framework\src\Illuminate\Routing\UrlGenerator.php:526
    522Ôûò             ! is_null($url = call_user_func($this->missingNamedRouteResolver, $name, $parameters, $absolute))) {
    523Ôûò             return $url;
    524Ôûò         }
    525Ôûò 
  Ô×£ 526Ôûò         throw new RouteNotFoundException("Route [{$name}] not defined.");
    527Ôûò     }
    528Ôûò 
    529Ôûò     /**
    530Ôûò      * Get the URL for a given route instance.

  1   vendor\laravel\framework\src\Illuminate\Routing\UrlGenerator.php:526
  2   vendor\laravel\framework\src\Illuminate\Foundation\helpers.php:871

  ÔöÇÔöÇÔöÇÔöÇÔöÇÔöÇÔöÇÔöÇÔöÇÔöÇÔöÇÔöÇÔöÇÔöÇÔöÇÔöÇÔöÇÔöÇÔöÇÔöÇÔöÇÔöÇÔöÇ  
   FAILED  Tests\Feature\ExamQuestionControllerTest > teacher can update a question  RouteNotFoundException   
  Route [questions.update] not defined.

  at vendor\laravel\framework\src\Illuminate\Routing\UrlGenerator.php:526
    522Ôûò             ! is_null($url = call_user_func($this->missingNamedRouteResolver, $name, $parameters, $absolute))) {
    523Ôûò             return $url;
    524Ôûò         }
    525Ôûò 
  Ô×£ 526Ôûò         throw new RouteNotFoundException("Route [{$name}] not defined.");
    527Ôûò     }
    528Ôûò 
    529Ôûò     /**
    530Ôûò      * Get the URL for a given route instance.

  1   vendor\laravel\framework\src\Illuminate\Routing\UrlGenerator.php:526
  2   vendor\laravel\framework\src\Illuminate\Foundation\helpers.php:871

  ÔöÇÔöÇÔöÇÔöÇÔöÇÔöÇÔöÇÔöÇÔöÇÔöÇÔöÇÔöÇÔöÇÔöÇÔöÇÔöÇÔöÇÔöÇÔöÇÔöÇÔöÇÔöÇÔöÇ  
   FAILED  Tests\Feature\ExamQuestionControllerTest > teacher can delete a question  RouteNotFoundException   
  Route [questions.destroy] not defined.

  at vendor\laravel\framework\src\Illuminate\Routing\UrlGenerator.php:526
    522Ôûò             ! is_null($url = call_user_func($this->missingNamedRouteResolver, $name, $parameters, $absolute))) {
    523Ôûò             return $url;
    524Ôûò         }
    525Ôûò 
  Ô×£ 526Ôûò         throw new RouteNotFoundException("Route [{$name}] not defined.");
    527Ôûò     }
    528Ôûò 
    529Ôûò     /**
    530Ôûò      * Get the URL for a given route instance.

  1   vendor\laravel\framework\src\Illuminate\Routing\UrlGenerator.php:526
  2   vendor\laravel\framework\src\Illuminate\Foundation\helpers.php:871

  ÔöÇÔöÇÔöÇÔöÇÔöÇÔöÇÔöÇÔöÇÔöÇÔöÇÔöÇÔöÇÔöÇÔöÇÔöÇÔöÇÔöÇÔöÇÔöÇÔöÇÔöÇÔöÇÔöÇ  
   FAILED  Tests\Feature\ExamQuestionControllerTest > unauthorized teacher cannot modify others exam questions  RouteNotFoundException   
  Route [questions.destroy] not defined.

  at vendor\laravel\framework\src\Illuminate\Routing\UrlGenerator.php:526
    522Ôûò             ! is_null($url = call_user_func($this->missingNamedRouteResolver, $name, $parameters, $absolute))) {
    523Ôûò             return $url;
    524Ôûò         }
    525Ôûò 
  Ô×£ 526Ôûò         throw new RouteNotFoundException("Route [{$name}] not defined.");
    527Ôûò     }
    528Ôûò 
    529Ôûò     /**
    530Ôûò      * Get the URL for a given route instance.

  1   vendor\laravel\framework\src\Illuminate\Routing\UrlGenerator.php:526
  2   vendor\laravel\framework\src\Illuminate\Foundation\helpers.php:871

  ÔöÇÔöÇÔöÇÔöÇÔöÇÔöÇÔöÇÔöÇÔöÇÔöÇÔöÇÔöÇÔöÇÔöÇÔöÇÔöÇÔöÇÔöÇÔöÇÔöÇÔöÇÔöÇÔöÇ  
   FAILED  Tests\FeaturÔÇª   
  Failed asserting that two strings are equal.
--- Expected
+++ Actual
@@ @@
-'Ï¬┘à ÏÑ┘åÏ┤ÏºÏí Ïº┘ä┘àÏ¼┘à┘êÏ╣Ï® Ï¿┘åÏ¼ÏºÏ¡'
+'├ÿ┬¬├ÖÔÇª ├ÿ┬Ñ├ÖÔÇá├ÿ┬┤├ÿ┬º├ÿ┬í ├ÿ┬º├ÖÔÇ×├ÖÔÇª├ÿ┬¼├ÖÔÇª├Ö╦å├ÿ┬╣├ÿ┬® ├ÿ┬¿├ÖÔÇá├ÿ┬¼├ÿ┬º├ÿ┬¡'

  at tests\Feature\GroupControllerTest.php:64
     60Ôûò 
     61Ôûò         $response = $this->actingAs($teacher)->post(route('teacher.groups.store'), $data);
     62Ôûò 
     63Ôûò         $response->assertRedirect(route('teacher.groups.index'));
  Ô×£  64Ôûò         $response->assertSessionHas('success', 'Ï¬┘à ÏÑ┘åÏ┤ÏºÏí Ïº┘ä┘àÏ¼┘à┘êÏ╣Ï® Ï¿┘åÏ¼ÏºÏ¡');
     65Ôûò         $this->assertDatabaseHas('groups', [
     66Ôûò             'title' => 'New Group',
     67Ôûò             'teacher_id' => $teacher->id,
     68Ôûò             'price' => 100

  ÔöÇÔöÇÔöÇÔöÇÔöÇÔöÇÔöÇÔöÇÔöÇÔöÇÔöÇÔöÇÔöÇÔöÇÔöÇÔöÇÔöÇÔöÇÔöÇÔöÇÔöÇÔöÇÔöÇ  
   FAILED  Tests\FeaturÔÇª   
  Failed asserting that two strings are equal.
--- Expected
+++ Actual
@@ @@
-'Ï¬┘à Ï¬Ï¡Ï»┘èÏ½ Ïº┘ä┘àÏ¼┘à┘êÏ╣Ï® Ï¿┘åÏ¼ÏºÏ¡'
+'├ÿ┬¬├ÖÔÇª ├ÿ┬¬├ÿ┬¡├ÿ┬»├Ö┼á├ÿ┬½ ├ÿ┬º├ÖÔÇ×├ÖÔÇª├ÿ┬¼├ÖÔÇª├Ö╦å├ÿ┬╣├ÿ┬® ├ÿ┬¿├ÖÔÇá├ÿ┬¼├ÿ┬º├ÿ┬¡'

  at tests\Feature\GroupControllerTest.php:99
     95Ôûò             'price' => $group->price
     96Ôûò         ]);
     97Ôûò 
     98Ôûò         $response->assertRedirect(route('teacher.groups.index'));
  Ô×£  99Ôûò         $response->assertSessionHas('success', 'Ï¬┘à Ï¬Ï¡Ï»┘èÏ½ Ïº┘ä┘àÏ¼┘à┘êÏ╣Ï® Ï¿┘åÏ¼ÏºÏ¡');
    100Ôûò         $this->assertDatabaseHas('groups', ['id' => $group->id, 'title' => 'Updated Title']);
    101Ôûò     }
    102Ôûò 
    103Ôûò     /** @test */

  ÔöÇÔöÇÔöÇÔöÇÔöÇÔöÇÔöÇÔöÇÔöÇÔöÇÔöÇÔöÇÔöÇÔöÇÔöÇÔöÇÔöÇÔöÇÔöÇÔöÇÔöÇÔöÇÔöÇ  
   FAILED  Tests\FeaturÔÇª   
  Failed asserting that two strings are equal.
--- Expected
+++ Actual
@@ @@
-'Ï¬┘à Ï¡Ï░┘ü Ïº┘ä┘àÏ¼┘à┘êÏ╣Ï® Ï¿┘åÏ¼ÏºÏ¡'
+'├ÿ┬¬├ÖÔÇª ├ÿ┬¡├ÿ┬░├Ö┬ü ├ÿ┬º├ÖÔÇ×├ÖÔÇª├ÿ┬¼├ÖÔÇª├Ö╦å├ÿ┬╣├ÿ┬® ├ÿ┬¿├ÖÔÇá├ÿ┬¼├ÿ┬º├ÿ┬¡'

  at tests\Feature\GroupControllerTest.php:127
    123Ôûò         $groupId = $group->id;
    124Ôûò 
    125Ôûò         $response = $this->actingAs($teacher)->delete(route('teacher.groups.destroy', $group));
    126Ôûò         $response->assertRedirect(route('teacher.groups.index'));
  Ô×£ 127Ôûò         $response->assertSessionHas('success', 'Ï¬┘à Ï¡Ï░┘ü Ïº┘ä┘àÏ¼┘à┘êÏ╣Ï® Ï¿┘åÏ¼ÏºÏ¡');
    128Ôûò         
    129Ôûò         // Refresh to get latest state from database
    130Ôûò         $deletedGroup = Group::withTrashed()->find($groupId);
    131Ôûò

  ÔöÇÔöÇÔöÇÔöÇÔöÇÔöÇÔöÇÔöÇÔöÇÔöÇÔöÇÔöÇÔöÇÔöÇÔöÇÔöÇÔöÇÔöÇÔöÇÔöÇÔöÇÔöÇÔöÇ  
   FAILED  Tests\FeaturÔÇª   
  Failed asserting that two strings are equal.
--- Expected
+++ Actual
@@ @@
-'Ï¬┘à ÏÑÏÂÏº┘üÏ® Ïº┘äÏÀÏº┘äÏ¿ ┘ä┘ä┘àÏ¼┘à┘êÏ╣Ï® Ï¿┘åÏ¼ÏºÏ¡'
+'├ÿ┬¬├ÖÔÇª ├ÿ┬Ñ├ÿ┬Â├ÿ┬º├Ö┬ü├ÿ┬® ├ÿ┬º├ÖÔÇ×├ÿ┬À├ÿ┬º├ÖÔÇ×├ÿ┬¿ ├ÖÔÇ×├ÖÔÇ×├ÖÔÇª├ÿ┬¼├ÖÔÇª├Ö╦å├ÿ┬╣├ÿ┬® ├ÿ┬¿├ÖÔÇá├ÿ┬¼├ÿ┬º├ÿ┬¡'

  at tests\Feature\GroupControllerTest.php:155
    151Ôûò             'group_id' => $group->id,
    152Ôûò         ]);
    153Ôûò 
    154Ôûò         $response->assertRedirect(route('teacher.groups.index'));
  Ô×£ 155Ôûò         $response->assertSessionHas('success', 'Ï¬┘à ÏÑÏÂÏº┘üÏ® Ïº┘äÏÀÏº┘äÏ¿ ┘ä┘ä┘àÏ¼┘à┘êÏ╣Ï® Ï¿┘åÏ¼ÏºÏ¡');
    156Ôûò         $this->assertDatabaseHas('group_members', [
    157Ôûò             'group_id' => $group->id,
    158Ôûò             'student_id' => $student->id,
    159Ôûò             'status' => 'approved',

  ÔöÇÔöÇÔöÇÔöÇÔöÇÔöÇÔöÇÔöÇÔöÇÔöÇÔöÇÔöÇÔöÇÔöÇÔöÇÔöÇÔöÇÔöÇÔöÇÔöÇÔöÇÔöÇÔöÇ  
   FAILED  Tests\FeaturÔÇª   
  Failed asserting that two strings are equal.
--- Expected
+++ Actual
@@ @@
-'Ï¬┘à ÏÑÏ▒Ï│Ïº┘ä ÏÀ┘äÏ¿ Ïº┘äÏº┘åÏÂ┘àÏº┘à Ï¿┘åÏ¼ÏºÏ¡'
+'├ÿ┬¬├ÖÔÇª ├ÿ┬Ñ├ÿ┬▒├ÿ┬│├ÿ┬º├ÖÔÇ× ├ÿ┬À├ÖÔÇ×├ÿ┬¿ ├ÿ┬º├ÖÔÇ×├ÿ┬º├ÖÔÇá├ÿ┬Â├ÖÔÇª├ÿ┬º├ÖÔÇª ├ÿ┬¿├ÖÔÇá├ÿ┬¼├ÿ┬º├ÿ┬¡'

  at tests\Feature\GroupControllerTest.php:189
    185Ôûò 
    186Ôûò         $response = $this->actingAs($student)->post(route('groups.join', $group));
    187Ôûò         
    188Ôûò         $response->assertRedirect();
  Ô×£ 189Ôûò         $response->assertSessionHas('success', 'Ï¬┘à ÏÑÏ▒Ï│Ïº┘ä ÏÀ┘äÏ¿ Ïº┘äÏº┘åÏÂ┘àÏº┘à Ï¿┘åÏ¼ÏºÏ¡');
    190Ôûò         $this->assertDatabaseHas('group_members', [
    191Ôûò             'group_id' => $group->id,
    192Ôûò             'student_id' => $student->id,
    193Ôûò             'status' => 'pending'

  ÔöÇÔöÇÔöÇÔöÇÔöÇÔöÇÔöÇÔöÇÔöÇÔöÇÔöÇÔöÇÔöÇÔöÇÔöÇÔöÇÔöÇÔöÇÔöÇÔöÇÔöÇÔöÇÔöÇ  
   FAILED  Tests\FeaturÔÇª   
  Failed asserting that two strings are equal.
--- Expected
+++ Actual
@@ @@
-'Ï¬┘à ┘éÏ¿┘ê┘ä ÏÀ┘äÏ¿ Ïº┘äÏº┘åÏÂ┘àÏº┘à Ï¿┘åÏ¼ÏºÏ¡'
+'├ÿ┬¬├ÖÔÇª ├ÖÔÇÜ├ÿ┬¿├Ö╦å├ÖÔÇ× ├ÿ┬À├ÖÔÇ×├ÿ┬¿ ├ÿ┬º├ÖÔÇ×├ÿ┬º├ÖÔÇá├ÿ┬Â├ÖÔÇª├ÿ┬º├ÖÔÇª ├ÿ┬¿├ÖÔÇá├ÿ┬¼├ÿ┬º├ÿ┬¡'

  at tests\Feature\GroupControllerTest.php:212
    208Ôûò 
    209Ôûò         $response = $this->actingAs($teacher)->patch(route('teacher.groups.approve-request', $member));
    210Ôûò         
    211Ôûò         $response->assertRedirect(route('teacher.groups.index'));
  Ô×£ 212Ôûò         $response->assertSessionHas('success', 'Ï¬┘à ┘éÏ¿┘ê┘ä ÏÀ┘äÏ¿ Ïº┘äÏº┘åÏÂ┘àÏº┘à Ï¿┘åÏ¼ÏºÏ¡');
    213Ôûò         $this->assertDatabaseHas('group_members', [
    214Ôûò             'id' => $member->id,
    215Ôûò             'status' => 'approved'
    216Ôûò         ]);

  ÔöÇÔöÇÔöÇÔöÇÔöÇÔöÇÔöÇÔöÇÔöÇÔöÇÔöÇÔöÇÔöÇÔöÇÔöÇÔöÇÔöÇÔöÇÔöÇÔöÇÔöÇÔöÇÔöÇ  
   FAILED  Tests\FeaturÔÇª   
  Failed asserting that two strings are equal.
--- Expected
+++ Actual
@@ @@
-'Ï¬┘à Ï▒┘üÏÂ ÏÀ┘äÏ¿ Ïº┘äÏº┘åÏÂ┘àÏº┘à'
+'├ÿ┬¬├ÖÔÇª ├ÿ┬▒├Ö┬ü├ÿ┬Â ├ÿ┬À├ÖÔÇ×├ÿ┬¿ ├ÿ┬º├ÖÔÇ×├ÿ┬º├ÖÔÇá├ÿ┬Â├ÖÔÇª├ÿ┬º├ÖÔÇª'

  at tests\Feature\GroupControllerTest.php:234
    230Ôûò 
    231Ôûò         $response = $this->actingAs($teacher)->patch(route('teacher.groups.reject-request', $member));
    232Ôûò         
    233Ôûò         $response->assertRedirect(route('teacher.groups.index'));
  Ô×£ 234Ôûò         $response->assertSessionHas('success', 'Ï¬┘à Ï▒┘üÏÂ ÏÀ┘äÏ¿ Ïº┘äÏº┘åÏÂ┘àÏº┘à');
    235Ôûò         $this->assertDatabaseHas('group_members', [
    236Ôûò             'id' => $member->id,
    237Ôûò             'status' => 'rejected'
    238Ôûò         ]);

  ÔöÇÔöÇÔöÇÔöÇÔöÇÔöÇÔöÇÔöÇÔöÇÔöÇÔöÇÔöÇÔöÇÔöÇÔöÇÔöÇÔöÇÔöÇÔöÇÔöÇÔöÇÔöÇÔöÇ  
   FAILED  Tests\FeaturÔÇª   
  Expected response status code [200] but received 500.
Failed asserting that 500 is identical to 200.

The following exception occurred during the last request:

Symfony\Component\Routing\Exception\RouteNotFoundException: Route [teacher.groups.sessions.create] not defined. in F:\freelance\dr-mostafa\vendor\laravel\framework\src\Illuminate\Routing\UrlGenerator.php:526
Stack trace:
#0 F:\freelance\dr-mostafa\vendor\laravel\framework\src\Illuminate\Foundation\helpers.php(871): Illuminate\Routing\UrlGenerator->route('teacher.groups....', 1, true)
#1 F:\freelance\dr-mostafa\storage\framework\views\4de1fa8fdf82224f0016d1d5cb95ae65.php(125): route('teacher.groups....', 1)
#2 F:\freelance\dr-mostafa\vendor\laravel\framework\src\Illuminate\Filesystem\Filesystem.php(123): require('F:\\freelance\\dr...')
#3 F:\freelance\dr-mostafa\vendor\laravel\framework\src\Illuminate\Filesystem\Filesystem.php(124): Illuminate\Filesystem\Filesystem::Illuminate\Filesystem\{closure}()
#4 F:\freelance\dr-mostafa\vendor\laravel\framework\src\Illuminate\View\Engines\PhpEngine.php(57): Illuminate\Filesystem\Filesystem->getRequire('F:\\freelance\\dr...', Array)
#5 F:\freelance\dr-mostafa\vendor\laravel\framework\src\Illuminate\View\Engines\CompilerEngine.php(76): Illuminate\View\Engines\PhpEngine->evaluatePath('F:\\freelance\\dr...', Array)
#6 F:\freelance\dr-mostafa\vendor\laravel\framework\src\Illuminate\View\View.php(208): Illuminate\View\Engines\CompilerEngine->get('F:\\freelance\\dr...', Array)
#7 F:\freelance\dr-mostafa\vendor\laravel\framework\src\Illuminate\View\View.php(191): Illuminate\View\View->getContents()
#8 F:\freelance\dr-mostafa\vendor\laravel\framework\src\Illuminate\View\View.php(160): Illuminate\View\View->renderContents()
#9 F:\freelance\dr-mostafa\storage\framework\views\b5f5f8d2afaf31b9c4ce0bccca7c3ddc.php(1): Illuminate\View\View->render()
#10 F:\freelance\dr-mostafa\vendor\laravel\framework\src\Illuminate\Filesystem\Filesystem.php(123): require('F:\\freelance\\dr...')
#11 F:\freelance\dr-mostafa\vendor\laravel\framework\src\Illuminate\Filesystem\Filesystem.php(124): Illuminate\Filesystem\Filesystem::Illuminate\Filesystem\{closure}()
#12 F:\freelance\dr-mostafa\vendor\laravel\framework\src\Illuminate\View\Engines\PhpEngine.php(57): Illuminate\Filesystem\Filesystem->getRequire('F:\\freelance\\dr...', Array)
#13 F:\freelance\dr-mostafa\vendor\laravel\framework\src\Illuminate\View\Engines\CompilerEngine.php(76): Illuminate\View\Engines\PhpEngine->evaluatePath('F:\\freelance\\dr...', Array)
#14 F:\freelance\dr-mostafa\vendor\laravel\framework\src\Illuminate\View\View.php(208): Illuminate\View\Engines\CompilerEngine->get('F:\\freelance\\dr...', Array)
#15 F:\freelance\dr-mostafa\vendor\laravel\framework\src\Illuminate\View\View.php(191): Illuminate\View\View->getContents()
#16 F:\freelance\dr-mostafa\vendor\laravel\framework\src\Illuminate\View\View.php(160): Illuminate\View\View->renderContents()
#17 F:\freelance\dr-mostafa\vendor\laravel\framework\src\Illuminate\Http\Response.php(78): Illuminate\View\View->render()
#18 F:\freelance\dr-mostafa\vendor\laravel\framework\src\Illuminate\Http\Response.php(34): Illuminate\Http\Response->setContent(Object(Illuminate\View\View))
#19 F:\freelance\dr-mostafa\vendor\laravel\framework\src\Illuminate\Routing\Router.php(939): Illuminate\Http\Response->__construct(Object(Illuminate\View\View), 200, Array)
#20 F:\freelance\dr-mostafa\vendor\laravel\framework\src\Illuminate\Routing\Router.php(906): Illuminate\Routing\Router::toResponse(Object(Illuminate\Http\Request), Object(Illuminate\View\View))
#21 F:\freelance\dr-mostafa\vendor\laravel\framework\src\Illuminate\Routing\Router.php(821): Illuminate\Routing\Router->prepareResponse(Object(Illuminate\Http\Request), Object(Illuminate\View\View))
#22 F:\freelance\dr-mostafa\vendor\laravel\framework\src\Illuminate\Pipeline\Pipeline.php(180): Illuminate\Routing\Router->Illuminate\Routing\{closure}(Object(Illuminate\Http\Request))
#23 F:\freelance\dr-mostafa\app\Http\Middleware\RoleMiddleware.php(24): Illuminate\Pipeline\Pipeline->Illuminate\Pipeline\{closure}(Object(Illuminate\Http\Request))
#24 F:\freelance\dr-mostafa\vendor\laravel\framework\src\Illuminate\Pipeline\Pipeline.php(219): App\Http\Middleware\RoleMiddleware->handle(Object(Illuminate\Http\Request), Object(Closure), 'teacher')
#25 F:\freelance\dr-mostafa\app\Http\Middleware\CheckSubscription.php(19): Illuminate\Pipeline\Pipeline->Illuminate\Pipeline\{closure}(Object(Illuminate\Http\Request))
#26 F:\freelance\dr-mostafa\vendor\laravel\framework\src\Illuminate\Pipeline\Pipeline.php(219): App\Http\Middleware\CheckSubscription->handle(Object(Illuminate\Http\Request), Object(Closure))
#27 F:\freelance\dr-mostafa\vendor\laravel\framework\src\Illuminate\Routing\Middleware\SubstituteBindings.php(50): Illuminate\Pipeline\Pipeline->Illuminate\Pipeline\{closure}(Object(Illuminate\Http\Request))
#28 F:\freelance\dr-mostafa\vendor\laravel\framework\src\Illuminate\Pipeline\Pipeline.php(219): Illuminate\Routing\Middleware\SubstituteBindings->handle(Object(Illuminate\Http\Request), Object(Closure))
#29 F:\freelance\dr-mostafa\vendor\laravel\framework\src\Illuminate\Auth\Middleware\Authenticate.php(63): Illuminate\Pipeline\Pipeline->Illuminate\Pipeline\{closure}(Object(Illuminate\Http\Request))
#30 F:\freelance\dr-mostafa\vendor\laravel\framework\src\Illuminate\Pipeline\Pipeline.php(219): Illuminate\Auth\Middleware\Authenticate->handle(Object(Illuminate\Http\Request), Object(Closure))
#31 F:\freelance\dr-mostafa\vendor\laravel\framework\src\Illuminate\Foundation\Http\Middleware\VerifyCsrfToken.php(87): Illuminate\Pipeline\Pipeline->Illuminate\Pipeline\{closure}(Object(Illuminate\Http\Request))
#32 F:\freelance\dr-mostafa\vendor\laravel\framework\src\Illuminate\Pipeline\Pipeline.php(219): Illuminate\Foundation\Http\Middleware\VerifyCsrfToken->handle(Object(Illuminate\Http\Request), Object(Closure))
#33 F:\freelance\dr-mostafa\vendor\laravel\framework\src\Illuminate\View\Middleware\ShareErrorsFromSession.php(48): Illuminate\Pipeline\Pipeline->Illuminate\Pipeline\{closure}(Object(Illuminate\Http\Request))
#34 F:\freelance\dr-mostafa\vendor\laravel\framework\src\Illuminate\Pipeline\Pipeline.php(219): Illuminate\View\Middleware\ShareErrorsFromSession->handle(Object(Illuminate\Http\Request), Object(Closure))
#35 F:\freelance\dr-mostafa\vendor\laravel\framework\src\Illuminate\Session\Middleware\StartSession.php(120): Illuminate\Pipeline\Pipeline->Illuminate\Pipeline\{closure}(Object(Illuminate\Http\Request))
#36 F:\freelance\dr-mostafa\vendor\laravel\framework\src\Illuminate\Session\Middleware\StartSession.php(63): Illuminate\Session\Middleware\StartSession->handleStatefulRequest(Object(Illuminate\Http\Request), Object(Illuminate\Session\Store), Object(Closure))
#37 F:\freelance\dr-mostafa\vendor\laravel\framework\src\Illuminate\Pipeline\Pipeline.php(219): Illuminate\Session\Middleware\StartSession->handle(Object(Illuminate\Http\Request), Object(Closure))
#38 F:\freelance\dr-mostafa\vendor\laravel\framework\src\Illuminate\Cookie\Middleware\AddQueuedCookiesToResponse.php(36): Illuminate\Pipeline\Pipeline->Illuminate\Pipeline\{closure}(Object(Illuminate\Http\Request))
#39 F:\freelance\dr-mostafa\vendor\laravel\framework\src\Illuminate\Pipeline\Pipeline.php(219): Illuminate\Cookie\Middleware\AddQueuedCookiesToResponse->handle(Object(Illuminate\Http\Request), Object(Closure))
#40 F:\freelance\dr-mostafa\vendor\laravel\framework\src\Illuminate\Cookie\Middleware\EncryptCookies.php(74): Illuminate\Pipeline\Pipeline->Illuminate\Pipeline\{closure}(Object(Illuminate\Http\Request))
#41 F:\freelance\dr-mostafa\vendor\laravel\framework\src\Illuminate\Pipeline\Pipeline.php(219): Illuminate\Cookie\Middleware\EncryptCookies->handle(Object(Illuminate\Http\Request), Object(Closure))
#42 F:\freelance\dr-mostafa\vendor\laravel\framework\src\Illuminate\Pipeline\Pipeline.php(137): Illuminate\Pipeline\Pipeline->Illuminate\Pipeline\{closure}(Object(Illuminate\Http\Request))
#43 F:\freelance\dr-mostafa\vendor\laravel\framework\src\Illuminate\Routing\Router.php(821): Illuminate\Pipeline\Pipeline->then(Object(Closure))
#44 F:\freelance\dr-mostafa\vendor\laravel\framework\src\Illuminate\Routing\Router.php(800): Illuminate\Routing\Router->runRouteWithinStack(Object(Illuminate\Routing\Route), Object(Illuminate\Http\Request))
#45 F:\freelance\dr-mostafa\vendor\laravel\framework\src\Illuminate\Routing\Router.php(764): Illuminate\Routing\Router->runRoute(Object(Illuminate\Http\Request), Object(Illuminate\Routing\Route))
#46 F:\freelance\dr-mostafa\vendor\laravel\framework\src\Illuminate\Routing\Router.php(753): Illuminate\Routing\Router->dispatchToRoute(Object(Illuminate\Http\Request))
#47 F:\freelance\dr-mostafa\vendor\laravel\framework\src\Illuminate\Foundation\Http\Kernel.php(200): Illuminate\Routing\Router->dispatch(Object(Illuminate\Http\Request))
#48 F:\freelance\dr-mostafa\vendor\laravel\framework\src\Illuminate\Pipeline\Pipeline.php(180): Illuminate\Foundation\Http\Kernel->Illuminate\Foundation\Http\{closure}(Object(Illuminate\Http\Request))
#49 F:\freelance\dr-mostafa\vendor\laravel\framework\src\Illuminate\Foundation\Http\Middleware\TransformsRequest.php(21): Illuminate\Pipeline\Pipeline->Illuminate\Pipeline\{closure}(Object(Illuminate\Http\Request))
#50 F:\freelance\dr-mostafa\vendor\laravel\framework\src\Illuminate\Foundation\Http\Middleware\ConvertEmptyStringsToNull.php(31): Illuminate\Foundation\Http\Middleware\TransformsRequest->handle(Object(Illuminate\Http\Request), Object(Closure))
#51 F:\freelance\dr-mostafa\vendor\laravel\framework\src\Illuminate\Pipeline\Pipeline.php(219): Illuminate\Foundation\Http\Middleware\ConvertEmptyStringsToNull->handle(Object(Illuminate\Http\Request), Object(Closure))
#52 F:\freelance\dr-mostafa\vendor\laravel\framework\src\Illuminate\Foundation\Http\Middleware\TransformsRequest.php(21): Illuminate\Pipeline\Pipeline->Illuminate\Pipeline\{closure}(Object(Illuminate\Http\Request))
#53 F:\freelance\dr-mostafa\vendor\laravel\framework\src\Illuminate\Foundation\Http\Middleware\TrimStrings.php(51): Illuminate\Foundation\Http\Middleware\TransformsRequest->handle(Object(Illuminate\Http\Request), Object(Closure))
#54 F:\freelance\dr-mostafa\vendor\laravel\framework\src\Illuminate\Pipeline\Pipeline.php(219): Illuminate\Foundation\Http\Middleware\TrimStrings->handle(Object(Illuminate\Http\Request), Object(Closure))
#55 F:\freelance\dr-mostafa\vendor\laravel\framework\src\Illuminate\Http\Middleware\ValidatePostSize.php(27): Illuminate\Pipeline\Pipeline->Illuminate\Pipeline\{closure}(Object(Illuminate\Http\Request))
#56 F:\freelance\dr-mostafa\vendor\laravel\framework\src\Illuminate\Pipeline\Pipeline.php(219): Illuminate\Http\Middleware\ValidatePostSize->handle(Object(Illuminate\Http\Request), Object(Closure))
#57 F:\freelance\dr-mostafa\vendor\laravel\framework\src\Illuminate\Foundation\Http\Middleware\PreventRequestsDuringMaintenance.php(109): Illuminate\Pipeline\Pipeline->Illuminate\Pipeline\{closure}(Object(Illuminate\Http\Request))
#58 F:\freelance\dr-mostafa\vendor\laravel\framework\src\Illuminate\Pipeline\Pipeline.php(219): Illuminate\Foundation\Http\Middleware\PreventRequestsDuringMaintenance->handle(Object(Illuminate\Http\Request), Object(Closure))
#59 F:\freelance\dr-mostafa\vendor\laravel\framework\src\Illuminate\Http\Middleware\HandleCors.php(48): Illuminate\Pipeline\Pipeline->Illuminate\Pipeline\{closure}(Object(Illuminate\Http\Request))
#60 F:\freelance\dr-mostafa\vendor\laravel\framework\src\Illuminate\Pipeline\Pipeline.php(219): Illuminate\Http\Middleware\HandleCors->handle(Object(Illuminate\Http\Request), Object(Closure))
#61 F:\freelance\dr-mostafa\vendor\laravel\framework\src\Illuminate\Http\Middleware\TrustProxies.php(58): Illuminate\Pipeline\Pipeline->Illuminate\Pipeline\{closure}(Object(Illuminate\Http\Request))
#62 F:\freelance\dr-mostafa\vendor\laravel\framework\src\Illuminate\Pipeline\Pipeline.php(219): Illuminate\Http\Middleware\TrustProxies->handle(Object(Illuminate\Http\Request), Object(Closure))
#63 F:\freelance\dr-mostafa\vendor\laravel\framework\src\Illuminate\Foundation\Http\Middleware\InvokeDeferredCallbacks.php(22): Illuminate\Pipeline\Pipeline->Illuminate\Pipeline\{closure}(Object(Illuminate\Http\Request))
#64 F:\freelance\dr-mostafa\vendor\laravel\framework\src\Illuminate\Pipeline\Pipeline.php(219): Illuminate\Foundation\Http\Middleware\InvokeDeferredCallbacks->handle(Object(Illuminate\Http\Request), Object(Closure))
#65 F:\freelance\dr-mostafa\vendor\laravel\framework\src\Illuminate\Http\Middleware\ValidatePathEncoding.php(26): Illuminate\Pipeline\Pipeline->Illuminate\Pipeline\{closure}(Object(Illuminate\Http\Request))
#66 F:\freelance\dr-mostafa\vendor\laravel\framework\src\Illuminate\Pipeline\Pipeline.php(219): Illuminate\Http\Middleware\ValidatePathEncoding->handle(Object(Illuminate\Http\Request), Object(Closure))
#67 F:\freelance\dr-mostafa\vendor\laravel\framework\src\Illuminate\Pipeline\Pipeline.php(137): Illuminate\Pipeline\Pipeline->Illuminate\Pipeline\{closure}(Object(Illuminate\Http\Request))
#68 F:\freelance\dr-mostafa\vendor\laravel\framework\src\Illuminate\Foundation\Http\Kernel.php(175): Illuminate\Pipeline\Pipeline->then(Object(Closure))
#69 F:\freelance\dr-mostafa\vendor\laravel\framework\src\Illuminate\Foundation\Http\Kernel.php(144): Illuminate\Foundation\Http\Kernel->sendRequestThroughRouter(Object(Illuminate\Http\Request))
#70 F:\freelance\dr-mostafa\vendor\laravel\framework\src\Illuminate\Foundation\Testing\Concerns\MakesHttpRequests.php(607): Illuminate\Foundation\Http\Kernel->handle(Object(Illuminate\Http\Request))
#71 F:\freelance\dr-mostafa\vendor\laravel\framework\src\Illuminate\Foundation\Testing\Concerns\MakesHttpRequests.php(368): Illuminate\Foundation\Testing\TestCase->call('GET', 'http://localhos...', Array, Array, Array, Array)
#72 F:\freelance\dr-mostafa\tests\Feature\GroupControllerTest.php(267): Illuminate\Foundation\Testing\TestCase->get('http://localhos...')
#73 F:\freelance\dr-mostafa\vendor\phpunit\phpunit\src\Framework\TestCase.php(1656): Tests\Feature\GroupControllerTest->teacher_can_view_group_details()
#74 F:\freelance\dr-mostafa\vendor\phpunit\phpunit\src\Framework\TestCase.php(514): PHPUnit\Framework\TestCase->runTest()
#75 F:\freelance\dr-mostafa\vendor\phpunit\phpunit\src\Framework\TestRunner\TestRunner.php(87): PHPUnit\Framework\TestCase->runBare()
#76 F:\freelance\dr-mostafa\vendor\phpunit\phpunit\src\Framework\TestCase.php(361): PHPUnit\Framework\TestRunner->run(Object(Tests\Feature\GroupControllerTest))
#77 F:\freelance\dr-mostafa\vendor\phpunit\phpunit\src\Framework\TestSuite.php(369): PHPUnit\Framework\TestCase->run()
#78 F:\freelance\dr-mostafa\vendor\phpunit\phpunit\src\Framework\TestSuite.php(369): PHPUnit\Framework\TestSuite->run()
#79 F:\freelance\dr-mostafa\vendor\phpunit\phpunit\src\Framework\TestSuite.php(369): PHPUnit\Framework\TestSuite->run()
#80 F:\freelance\dr-mostafa\vendor\phpunit\phpunit\src\TextUI\TestRunner.php(64): PHPUnit\Framework\TestSuite->run()
#81 F:\freelance\dr-mostafa\vendor\phpunit\phpunit\src\TextUI\Application.php(211): PHPUnit\TextUI\TestRunner->run(Object(PHPUnit\TextUI\Configuration\Configuration), Object(PHPUnit\Runner\ResultCache\DefaultResultCache), Object(PHPUnit\Framework\TestSuite))
#82 F:\freelance\dr-mostafa\vendor\pestphp\pest\src\Kernel.php(103): PHPUnit\TextUI\Application->run(Array)
#83 F:\freelance\dr-mostafa\vendor\pestphp\pest\bin\pest(184): Pest\Kernel->handle(Array, Array)
#84 F:\freelance\dr-mostafa\vendor\pestphp\pest\bin\pest(192): {closure}()
#85 {main}

Next Illuminate\View\ViewException: Route [teacher.groups.sessions.create] not defined. (View: F:\freelance\dr-mostafa\resources\views\teacher\groups\show.blade.php) in F:\freelance\dr-mostafa\vendor\laravel\framework\src\Illuminate\Routing\UrlGenerator.php:526
Stack trace:
#0 F:\freelance\dr-mostafa\vendor\laravel\framework\src\Illuminate\View\Engines\PhpEngine.php(59): Illuminate\View\Engines\CompilerEngine->handleViewException(Object(Symfony\Component\Routing\Exception\RouteNotFoundException), 3)
#1 F:\freelance\dr-mostafa\vendor\laravel\framework\src\Illuminate\View\Engines\CompilerEngine.php(76): Illuminate\View\Engines\PhpEngine->evaluatePath('F:\\freelance\\dr...', Array)
#2 F:\freelance\dr-mostafa\vendor\laravel\framework\src\Illuminate\View\View.php(208): Illuminate\View\Engines\CompilerEngine->get('F:\\freelance\\dr...', Array)
#3 F:\freelance\dr-mostafa\vendor\laravel\framework\src\Illuminate\View\View.php(191): Illuminate\View\View->getContents()
#4 F:\freelance\dr-mostafa\vendor\laravel\framework\src\Illuminate\View\View.php(160): Illuminate\View\View->renderContents()
#5 F:\freelance\dr-mostafa\storage\framework\views\b5f5f8d2afaf31b9c4ce0bccca7c3ddc.php(1): Illuminate\View\View->render()
#6 F:\freelance\dr-mostafa\vendor\laravel\framework\src\Illuminate\Filesystem\Filesystem.php(123): require('F:\\freelance\\dr...')
#7 F:\freelance\dr-mostafa\vendor\laravel\framework\src\Illuminate\Filesystem\Filesystem.php(124): Illuminate\Filesystem\Filesystem::Illuminate\Filesystem\{closure}()
#8 F:\freelance\dr-mostafa\vendor\laravel\framework\src\Illuminate\View\Engines\PhpEngine.php(57): Illuminate\Filesystem\Filesystem->getRequire('F:\\freelance\\dr...', Array)
#9 F:\freelance\dr-mostafa\vendor\laravel\framework\src\Illuminate\View\Engines\CompilerEngine.php(76): Illuminate\View\Engines\PhpEngine->evaluatePath('F:\\freelance\\dr...', Array)
#10 F:\freelance\dr-mostafa\vendor\laravel\framework\src\Illuminate\View\View.php(208): Illuminate\View\Engines\CompilerEngine->get('F:\\freelance\\dr...', Array)
#11 F:\freelance\dr-mostafa\vendor\laravel\framework\src\Illuminate\View\View.php(191): Illuminate\View\View->getContents()
#12 F:\freelance\dr-mostafa\vendor\laravel\framework\src\Illuminate\View\View.php(160): Illuminate\View\View->renderContents()
#13 F:\freelance\dr-mostafa\vendor\laravel\framework\src\Illuminate\Http\Response.php(78): Illuminate\View\View->render()
#14 F:\freelance\dr-mostafa\vendor\laravel\framework\src\Illuminate\Http\Response.php(34): Illuminate\Http\Response->setContent(Object(Illuminate\View\View))
#15 F:\freelance\dr-mostafa\vendor\laravel\framework\src\Illuminate\Routing\Router.php(939): Illuminate\Http\Response->__construct(Object(Illuminate\View\View), 200, Array)
#16 F:\freelance\dr-mostafa\vendor\laravel\framework\src\Illuminate\Routing\Router.php(906): Illuminate\Routing\Router::toResponse(Object(Illuminate\Http\Request), Object(Illuminate\View\View))
#17 F:\freelance\dr-mostafa\vendor\laravel\framework\src\Illuminate\Routing\Router.php(821): Illuminate\Routing\Router->prepareResponse(Object(Illuminate\Http\Request), Object(Illuminate\View\View))
#18 F:\freelance\dr-mostafa\vendor\laravel\framework\src\Illuminate\Pipeline\Pipeline.php(180): Illuminate\Routing\Router->Illuminate\Routing\{closure}(Object(Illuminate\Http\Request))
#19 F:\freelance\dr-mostafa\app\Http\Middleware\RoleMiddleware.php(24): Illuminate\Pipeline\Pipeline->Illuminate\Pipeline\{closure}(Object(Illuminate\Http\Request))
#20 F:\freelance\dr-mostafa\vendor\laravel\framework\src\Illuminate\Pipeline\Pipeline.php(219): App\Http\Middleware\RoleMiddleware->handle(Object(Illuminate\Http\Request), Object(Closure), 'teacher')
#21 F:\freelance\dr-mostafa\app\Http\Middleware\CheckSubscription.php(19): Illuminate\Pipeline\Pipeline->Illuminate\Pipeline\{closure}(Object(Illuminate\Http\Request))
#22 F:\freelance\dr-mostafa\vendor\laravel\framework\src\Illuminate\Pipeline\Pipeline.php(219): App\Http\Middleware\CheckSubscription->handle(Object(Illuminate\Http\Request), Object(Closure))
#23 F:\freelance\dr-mostafa\vendor\laravel\framework\src\Illuminate\Routing\Middleware\SubstituteBindings.php(50): Illuminate\Pipeline\Pipeline->Illuminate\Pipeline\{closure}(Object(Illuminate\Http\Request))
#24 F:\freelance\dr-mostafa\vendor\laravel\framework\src\Illuminate\Pipeline\Pipeline.php(219): Illuminate\Routing\Middleware\SubstituteBindings->handle(Object(Illuminate\Http\Request), Object(Closure))
#25 F:\freelance\dr-mostafa\vendor\laravel\framework\src\Illuminate\Auth\Middleware\Authenticate.php(63): Illuminate\Pipeline\Pipeline->Illuminate\Pipeline\{closure}(Object(Illuminate\Http\Request))
#26 F:\freelance\dr-mostafa\vendor\laravel\framework\src\Illuminate\Pipeline\Pipeline.php(219): Illuminate\Auth\Middleware\Authenticate->handle(Object(Illuminate\Http\Request), Object(Closure))
#27 F:\freelance\dr-mostafa\vendor\laravel\framework\src\Illuminate\Foundation\Http\Middleware\VerifyCsrfToken.php(87): Illuminate\Pipeline\Pipeline->Illuminate\Pipeline\{closure}(Object(Illuminate\Http\Request))
#28 F:\freelance\dr-mostafa\vendor\laravel\framework\src\Illuminate\Pipeline\Pipeline.php(219): Illuminate\Foundation\Http\Middleware\VerifyCsrfToken->handle(Object(Illuminate\Http\Request), Object(Closure))
#29 F:\freelance\dr-mostafa\vendor\laravel\framework\src\Illuminate\View\Middleware\ShareErrorsFromSession.php(48): Illuminate\Pipeline\Pipeline->Illuminate\Pipeline\{closure}(Object(Illuminate\Http\Request))
#30 F:\freelance\dr-mostafa\vendor\laravel\framework\src\Illuminate\Pipeline\Pipeline.php(219): Illuminate\View\Middleware\ShareErrorsFromSession->handle(Object(Illuminate\Http\Request), Object(Closure))
#31 F:\freelance\dr-mostafa\vendor\laravel\framework\src\Illuminate\Session\Middleware\StartSession.php(120): Illuminate\Pipeline\Pipeline->Illuminate\Pipeline\{closure}(Object(Illuminate\Http\Request))
#32 F:\freelance\dr-mostafa\vendor\laravel\framework\src\Illuminate\Session\Middleware\StartSession.php(63): Illuminate\Session\Middleware\StartSession->handleStatefulRequest(Object(Illuminate\Http\Request), Object(Illuminate\Session\Store), Object(Closure))
#33 F:\freelance\dr-mostafa\vendor\laravel\framework\src\Illuminate\Pipeline\Pipeline.php(219): Illuminate\Session\Middleware\StartSession->handle(Object(Illuminate\Http\Request), Object(Closure))
#34 F:\freelance\dr-mostafa\vendor\laravel\framework\src\Illuminate\Cookie\Middleware\AddQueuedCookiesToResponse.php(36): Illuminate\Pipeline\Pipeline->Illuminate\Pipeline\{closure}(Object(Illuminate\Http\Request))
#35 F:\freelance\dr-mostafa\vendor\laravel\framework\src\Illuminate\Pipeline\Pipeline.php(219): Illuminate\Cookie\Middleware\AddQueuedCookiesToResponse->handle(Object(Illuminate\Http\Request), Object(Closure))
#36 F:\freelance\dr-mostafa\vendor\laravel\framework\src\Illuminate\Cookie\Middleware\EncryptCookies.php(74): Illuminate\Pipeline\Pipeline->Illuminate\Pipeline\{closure}(Object(Illuminate\Http\Request))
#37 F:\freelance\dr-mostafa\vendor\laravel\framework\src\Illuminate\Pipeline\Pipeline.php(219): Illuminate\Cookie\Middleware\EncryptCookies->handle(Object(Illuminate\Http\Request), Object(Closure))
#38 F:\freelance\dr-mostafa\vendor\laravel\framework\src\Illuminate\Pipeline\Pipeline.php(137): Illuminate\Pipeline\Pipeline->Illuminate\Pipeline\{closure}(Object(Illuminate\Http\Request))
#39 F:\freelance\dr-mostafa\vendor\laravel\framework\src\Illuminate\Routing\Router.php(821): Illuminate\Pipeline\Pipeline->then(Object(Closure))
#40 F:\freelance\dr-mostafa\vendor\laravel\framework\src\Illuminate\Routing\Router.php(800): Illuminate\Routing\Router->runRouteWithinStack(Object(Illuminate\Routing\Route), Object(Illuminate\Http\Request))
#41 F:\freelance\dr-mostafa\vendor\laravel\framework\src\Illuminate\Routing\Router.php(764): Illuminate\Routing\Router->runRoute(Object(Illuminate\Http\Request), Object(Illuminate\Routing\Route))
#42 F:\freelance\dr-mostafa\vendor\laravel\framework\src\Illuminate\Routing\Router.php(753): Illuminate\Routing\Router->dispatchToRoute(Object(Illuminate\Http\Request))
#43 F:\freelance\dr-mostafa\vendor\laravel\framework\src\Illuminate\Foundation\Http\Kernel.php(200): Illuminate\Routing\Router->dispatch(Object(Illuminate\Http\Request))
#44 F:\freelance\dr-mostafa\vendor\laravel\framework\src\Illuminate\Pipeline\Pipeline.php(180): Illuminate\Foundation\Http\Kernel->Illuminate\Foundation\Http\{closure}(Object(Illuminate\Http\Request))
#45 F:\freelance\dr-mostafa\vendor\laravel\framework\src\Illuminate\Foundation\Http\Middleware\TransformsRequest.php(21): Illuminate\Pipeline\Pipeline->Illuminate\Pipeline\{closure}(Object(Illuminate\Http\Request))
#46 F:\freelance\dr-mostafa\vendor\laravel\framework\src\Illuminate\Foundation\Http\Middleware\ConvertEmptyStringsToNull.php(31): Illuminate\Foundation\Http\Middleware\TransformsRequest->handle(Object(Illuminate\Http\Request), Object(Closure))
#47 F:\freelance\dr-mostafa\vendor\laravel\framework\src\Illuminate\Pipeline\Pipeline.php(219): Illuminate\Foundation\Http\Middleware\ConvertEmptyStringsToNull->handle(Object(Illuminate\Http\Request), Object(Closure))
#48 F:\freelance\dr-mostafa\vendor\laravel\framework\src\Illuminate\Foundation\Http\Middleware\TransformsRequest.php(21): Illuminate\Pipeline\Pipeline->Illuminate\Pipeline\{closure}(Object(Illuminate\Http\Request))
#49 F:\freelance\dr-mostafa\vendor\laravel\framework\src\Illuminate\Foundation\Http\Middleware\TrimStrings.php(51): Illuminate\Foundation\Http\Middleware\TransformsRequest->handle(Object(Illuminate\Http\Request), Object(Closure))
#50 F:\freelance\dr-mostafa\vendor\laravel\framework\src\Illuminate\Pipeline\Pipeline.php(219): Illuminate\Foundation\Http\Middleware\TrimStrings->handle(Object(Illuminate\Http\Request), Object(Closure))
#51 F:\freelance\dr-mostafa\vendor\laravel\framework\src\Illuminate\Http\Middleware\ValidatePostSize.php(27): Illuminate\Pipeline\Pipeline->Illuminate\Pipeline\{closure}(Object(Illuminate\Http\Request))
#52 F:\freelance\dr-mostafa\vendor\laravel\framework\src\Illuminate\Pipeline\Pipeline.php(219): Illuminate\Http\Middleware\ValidatePostSize->handle(Object(Illuminate\Http\Request), Object(Closure))
#53 F:\freelance\dr-mostafa\vendor\laravel\framework\src\Illuminate\Foundation\Http\Middleware\PreventRequestsDuringMaintenance.php(109): Illuminate\Pipeline\Pipeline->Illuminate\Pipeline\{closure}(Object(Illuminate\Http\Request))
#54 F:\freelance\dr-mostafa\vendor\laravel\framework\src\Illuminate\Pipeline\Pipeline.php(219): Illuminate\Foundation\Http\Middleware\PreventRequestsDuringMaintenance->handle(Object(Illuminate\Http\Request), Object(Closure))
#55 F:\freelance\dr-mostafa\vendor\laravel\framework\src\Illuminate\Http\Middleware\HandleCors.php(48): Illuminate\Pipeline\Pipeline->Illuminate\Pipeline\{closure}(Object(Illuminate\Http\Request))
#56 F:\freelance\dr-mostafa\vendor\laravel\framework\src\Illuminate\Pipeline\Pipeline.php(219): Illuminate\Http\Middleware\HandleCors->handle(Object(Illuminate\Http\Request), Object(Closure))
#57 F:\freelance\dr-mostafa\vendor\laravel\framework\src\Illuminate\Http\Middleware\TrustProxies.php(58): Illuminate\Pipeline\Pipeline->Illuminate\Pipeline\{closure}(Object(Illuminate\Http\Request))
#58 F:\freelance\dr-mostafa\vendor\laravel\framework\src\Illuminate\Pipeline\Pipeline.php(219): Illuminate\Http\Middleware\TrustProxies->handle(Object(Illuminate\Http\Request), Object(Closure))
#59 F:\freelance\dr-mostafa\vendor\laravel\framework\src\Illuminate\Foundation\Http\Middleware\InvokeDeferredCallbacks.php(22): Illuminate\Pipeline\Pipeline->Illuminate\Pipeline\{closure}(Object(Illuminate\Http\Request))
#60 F:\freelance\dr-mostafa\vendor\laravel\framework\src\Illuminate\Pipeline\Pipeline.php(219): Illuminate\Foundation\Http\Middleware\InvokeDeferredCallbacks->handle(Object(Illuminate\Http\Request), Object(Closure))
#61 F:\freelance\dr-mostafa\vendor\laravel\framework\src\Illuminate\Http\Middleware\ValidatePathEncoding.php(26): Illuminate\Pipeline\Pipeline->Illuminate\Pipeline\{closure}(Object(Illuminate\Http\Request))
#62 F:\freelance\dr-mostafa\vendor\laravel\framework\src\Illuminate\Pipeline\Pipeline.php(219): Illuminate\Http\Middleware\ValidatePathEncoding->handle(Object(Illuminate\Http\Request), Object(Closure))
#63 F:\freelance\dr-mostafa\vendor\laravel\framework\src\Illuminate\Pipeline\Pipeline.php(137): Illuminate\Pipeline\Pipeline->Illuminate\Pipeline\{closure}(Object(Illuminate\Http\Request))
#64 F:\freelance\dr-mostafa\vendor\laravel\framework\src\Illuminate\Foundation\Http\Kernel.php(175): Illuminate\Pipeline\Pipeline->then(Object(Closure))
#65 F:\freelance\dr-mostafa\vendor\laravel\framework\src\Illuminate\Foundation\Http\Kernel.php(144): Illuminate\Foundation\Http\Kernel->sendRequestThroughRouter(Object(Illuminate\Http\Request))
#66 F:\freelance\dr-mostafa\vendor\laravel\framework\src\Illuminate\Foundation\Testing\Concerns\MakesHttpRequests.php(607): Illuminate\Foundation\Http\Kernel->handle(Object(Illuminate\Http\Request))
#67 F:\freelance\dr-mostafa\vendor\laravel\framework\src\Illuminate\Foundation\Testing\Concerns\MakesHttpRequests.php(368): Illuminate\Foundation\Testing\TestCase->call('GET', 'http://localhos...', Array, Array, Array, Array)
#68 F:\freelance\dr-mostafa\tests\Feature\GroupControllerTest.php(267): Illuminate\Foundation\Testing\TestCase->get('http://localhos...')
#69 F:\freelance\dr-mostafa\vendor\phpunit\phpunit\src\Framework\TestCase.php(1656): Tests\Feature\GroupControllerTest->teacher_can_view_group_details()
#70 F:\freelance\dr-mostafa\vendor\phpunit\phpunit\src\Framework\TestCase.php(514): PHPUnit\Framework\TestCase->runTest()
#71 F:\freelance\dr-mostafa\vendor\phpunit\phpunit\src\Framework\TestRunner\TestRunner.php(87): PHPUnit\Framework\TestCase->runBare()
#72 F:\freelance\dr-mostafa\vendor\phpunit\phpunit\src\Framework\TestCase.php(361): PHPUnit\Framework\TestRunner->run(Object(Tests\Feature\GroupControllerTest))
#73 F:\freelance\dr-mostafa\vendor\phpunit\phpunit\src\Framework\TestSuite.php(369): PHPUnit\Framework\TestCase->run()
#74 F:\freelance\dr-mostafa\vendor\phpunit\phpunit\src\Framework\TestSuite.php(369): PHPUnit\Framework\TestSuite->run()
#75 F:\freelance\dr-mostafa\vendor\phpunit\phpunit\src\Framework\TestSuite.php(369): PHPUnit\Framework\TestSuite->run()
#76 F:\freelance\dr-mostafa\vendor\phpunit\phpunit\src\TextUI\TestRunner.php(64): PHPUnit\Framework\TestSuite->run()
#77 F:\freelance\dr-mostafa\vendor\phpunit\phpunit\src\TextUI\Application.php(211): PHPUnit\TextUI\TestRunner->run(Object(PHPUnit\TextUI\Configuration\Configuration), Object(PHPUnit\Runner\ResultCache\DefaultResultCache), Object(PHPUnit\Framework\TestSuite))
#78 F:\freelance\dr-mostafa\vendor\pestphp\pest\src\Kernel.php(103): PHPUnit\TextUI\Application->run(Array)
#79 F:\freelance\dr-mostafa\vendor\pestphp\pest\bin\pest(184): Pest\Kernel->handle(Array, Array)
#80 F:\freelance\dr-mostafa\vendor\pestphp\pest\bin\pest(192): {closure}()
#81 {main}

Next Illuminate\View\ViewException: Route [teacher.groups.sessions.create] not defined. (View: F:\freelance\dr-mostafa\resources\views\teacher\groups\show.blade.php) (View: F:\freelance\dr-mostafa\resources\views\teacher\groups\show.blade.php) in F:\freelance\dr-mostafa\vendor\laravel\framework\src\Illuminate\Routing\UrlGenerator.php:526
Stack trace:
#0 F:\freelance\dr-mostafa\vendor\laravel\framework\src\Illuminate\View\Engines\PhpEngine.php(59): Illuminate\View\Engines\CompilerEngine->handleViewException(Object(Illuminate\View\ViewException), 2)
#1 F:\freelance\dr-mostafa\vendor\laravel\framework\src\Illuminate\View\Engines\CompilerEngine.php(76): Illuminate\View\Engines\PhpEngine->evaluatePath('F:\\freelance\\dr...', Array)
#2 F:\freelance\dr-mostafa\vendor\laravel\framework\src\Illuminate\View\View.php(208): Illuminate\View\Engines\CompilerEngine->get('F:\\freelance\\dr...', Array)
#3 F:\freelance\dr-mostafa\vendor\laravel\framework\src\Illuminate\View\View.php(191): Illuminate\View\View->getContents()
#4 F:\freelance\dr-mostafa\vendor\laravel\framework\src\Illuminate\View\View.php(160): Illuminate\View\View->renderContents()
#5 F:\freelance\dr-mostafa\vendor\laravel\framework\src\Illuminate\Http\Response.php(78): Illuminate\View\View->render()
#6 F:\freelance\dr-mostafa\vendor\laravel\framework\src\Illuminate\Http\Response.php(34): Illuminate\Http\Response->setContent(Object(Illuminate\View\View))
#7 F:\freelance\dr-mostafa\vendor\laravel\framework\src\Illuminate\Routing\Router.php(939): Illuminate\Http\Response->__construct(Object(Illuminate\View\View), 200, Array)
#8 F:\freelance\dr-mostafa\vendor\laravel\framework\src\Illuminate\Routing\Router.php(906): Illuminate\Routing\Router::toResponse(Object(Illuminate\Http\Request), Object(Illuminate\View\View))
#9 F:\freelance\dr-mostafa\vendor\laravel\framework\src\Illuminate\Routing\Router.php(821): Illuminate\Routing\Router->prepareResponse(Object(Illuminate\Http\Request), Object(Illuminate\View\View))
#10 F:\freelance\dr-mostafa\vendor\laravel\framework\src\Illuminate\Pipeline\Pipeline.php(180): Illuminate\Routing\Router->Illuminate\Routing\{closure}(Object(Illuminate\Http\Request))
#11 F:\freelance\dr-mostafa\app\Http\Middleware\RoleMiddleware.php(24): Illuminate\Pipeline\Pipeline->Illuminate\Pipeline\{closure}(Object(Illuminate\Http\Request))
#12 F:\freelance\dr-mostafa\vendor\laravel\framework\src\Illuminate\Pipeline\Pipeline.php(219): App\Http\Middleware\RoleMiddleware->handle(Object(Illuminate\Http\Request), Object(Closure), 'teacher')
#13 F:\freelance\dr-mostafa\app\Http\Middleware\CheckSubscription.php(19): Illuminate\Pipeline\Pipeline->Illuminate\Pipeline\{closure}(Object(Illuminate\Http\Request))
#14 F:\freelance\dr-mostafa\vendor\laravel\framework\src\Illuminate\Pipeline\Pipeline.php(219): App\Http\Middleware\CheckSubscription->handle(Object(Illuminate\Http\Request), Object(Closure))
#15 F:\freelance\dr-mostafa\vendor\laravel\framework\src\Illuminate\Routing\Middleware\SubstituteBindings.php(50): Illuminate\Pipeline\Pipeline->Illuminate\Pipeline\{closure}(Object(Illuminate\Http\Request))
#16 F:\freelance\dr-mostafa\vendor\laravel\framework\src\Illuminate\Pipeline\Pipeline.php(219): Illuminate\Routing\Middleware\SubstituteBindings->handle(Object(Illuminate\Http\Request), Object(Closure))
#17 F:\freelance\dr-mostafa\vendor\laravel\framework\src\Illuminate\Auth\Middleware\Authenticate.php(63): Illuminate\Pipeline\Pipeline->Illuminate\Pipeline\{closure}(Object(Illuminate\Http\Request))
#18 F:\freelance\dr-mostafa\vendor\laravel\framework\src\Illuminate\Pipeline\Pipeline.php(219): Illuminate\Auth\Middleware\Authenticate->handle(Object(Illuminate\Http\Request), Object(Closure))
#19 F:\freelance\dr-mostafa\vendor\laravel\framework\src\Illuminate\Foundation\Http\Middleware\VerifyCsrfToken.php(87): Illuminate\Pipeline\Pipeline->Illuminate\Pipeline\{closure}(Object(Illuminate\Http\Request))
#20 F:\freelance\dr-mostafa\vendor\laravel\framework\src\Illuminate\Pipeline\Pipeline.php(219): Illuminate\Foundation\Http\Middleware\VerifyCsrfToken->handle(Object(Illuminate\Http\Request), Object(Closure))
#21 F:\freelance\dr-mostafa\vendor\laravel\framework\src\Illuminate\View\Middleware\ShareErrorsFromSession.php(48): Illuminate\Pipeline\Pipeline->Illuminate\Pipeline\{closure}(Object(Illuminate\Http\Request))
#22 F:\freelance\dr-mostafa\vendor\laravel\framework\src\Illuminate\Pipeline\Pipeline.php(219): Illuminate\View\Middleware\ShareErrorsFromSession->handle(Object(Illuminate\Http\Request), Object(Closure))
#23 F:\freelance\dr-mostafa\vendor\laravel\framework\src\Illuminate\Session\Middleware\StartSession.php(120): Illuminate\Pipeline\Pipeline->Illuminate\Pipeline\{closure}(Object(Illuminate\Http\Request))
#24 F:\freelance\dr-mostafa\vendor\laravel\framework\src\Illuminate\Session\Middleware\StartSession.php(63): Illuminate\Session\Middleware\StartSession->handleStatefulRequest(Object(Illuminate\Http\Request), Object(Illuminate\Session\Store), Object(Closure))
#25 F:\freelance\dr-mostafa\vendor\laravel\framework\src\Illuminate\Pipeline\Pipeline.php(219): Illuminate\Session\Middleware\StartSession->handle(Object(Illuminate\Http\Request), Object(Closure))
#26 F:\freelance\dr-mostafa\vendor\laravel\framework\src\Illuminate\Cookie\Middleware\AddQueuedCookiesToResponse.php(36): Illuminate\Pipeline\Pipeline->Illuminate\Pipeline\{closure}(Object(Illuminate\Http\Request))
#27 F:\freelance\dr-mostafa\vendor\laravel\framework\src\Illuminate\Pipeline\Pipeline.php(219): Illuminate\Cookie\Middleware\AddQueuedCookiesToResponse->handle(Object(Illuminate\Http\Request), Object(Closure))
#28 F:\freelance\dr-mostafa\vendor\laravel\framework\src\Illuminate\Cookie\Middleware\EncryptCookies.php(74): Illuminate\Pipeline\Pipeline->Illuminate\Pipeline\{closure}(Object(Illuminate\Http\Request))
#29 F:\freelance\dr-mostafa\vendor\laravel\framework\src\Illuminate\Pipeline\Pipeline.php(219): Illuminate\Cookie\Middleware\EncryptCookies->handle(Object(Illuminate\Http\Request), Object(Closure))
#30 F:\freelance\dr-mostafa\vendor\laravel\framework\src\Illuminate\Pipeline\Pipeline.php(137): Illuminate\Pipeline\Pipeline->Illuminate\Pipeline\{closure}(Object(Illuminate\Http\Request))
#31 F:\freelance\dr-mostafa\vendor\laravel\framework\src\Illuminate\Routing\Router.php(821): Illuminate\Pipeline\Pipeline->then(Object(Closure))
#32 F:\freelance\dr-mostafa\vendor\laravel\framework\src\Illuminate\Routing\Router.php(800): Illuminate\Routing\Router->runRouteWithinStack(Object(Illuminate\Routing\Route), Object(Illuminate\Http\Request))
#33 F:\freelance\dr-mostafa\vendor\laravel\framework\src\Illuminate\Routing\Router.php(764): Illuminate\Routing\Router->runRoute(Object(Illuminate\Http\Request), Object(Illuminate\Routing\Route))
#34 F:\freelance\dr-mostafa\vendor\laravel\framework\src\Illuminate\Routing\Router.php(753): Illuminate\Routing\Router->dispatchToRoute(Object(Illuminate\Http\Request))
#35 F:\freelance\dr-mostafa\vendor\laravel\framework\src\Illuminate\Foundation\Http\Kernel.php(200): Illuminate\Routing\Router->dispatch(Object(Illuminate\Http\Request))
#36 F:\freelance\dr-mostafa\vendor\laravel\framework\src\Illuminate\Pipeline\Pipeline.php(180): Illuminate\Foundation\Http\Kernel->Illuminate\Foundation\Http\{closure}(Object(Illuminate\Http\Request))
#37 F:\freelance\dr-mostafa\vendor\laravel\framework\src\Illuminate\Foundation\Http\Middleware\TransformsRequest.php(21): Illuminate\Pipeline\Pipeline->Illuminate\Pipeline\{closure}(Object(Illuminate\Http\Request))
#38 F:\freelance\dr-mostafa\vendor\laravel\framework\src\Illuminate\Foundation\Http\Middleware\ConvertEmptyStringsToNull.php(31): Illuminate\Foundation\Http\Middleware\TransformsRequest->handle(Object(Illuminate\Http\Request), Object(Closure))
#39 F:\freelance\dr-mostafa\vendor\laravel\framework\src\Illuminate\Pipeline\Pipeline.php(219): Illuminate\Foundation\Http\Middleware\ConvertEmptyStringsToNull->handle(Object(Illuminate\Http\Request), Object(Closure))
#40 F:\freelance\dr-mostafa\vendor\laravel\framework\src\Illuminate\Foundation\Http\Middleware\TransformsRequest.php(21): Illuminate\Pipeline\Pipeline->Illuminate\Pipeline\{closure}(Object(Illuminate\Http\Request))
#41 F:\freelance\dr-mostafa\vendor\laravel\framework\src\Illuminate\Foundation\Http\Middleware\TrimStrings.php(51): Illuminate\Foundation\Http\Middleware\TransformsRequest->handle(Object(Illuminate\Http\Request), Object(Closure))
#42 F:\freelance\dr-mostafa\vendor\laravel\framework\src\Illuminate\Pipeline\Pipeline.php(219): Illuminate\Foundation\Http\Middleware\TrimStrings->handle(Object(Illuminate\Http\Request), Object(Closure))
#43 F:\freelance\dr-mostafa\vendor\laravel\framework\src\Illuminate\Http\Middleware\ValidatePostSize.php(27): Illuminate\Pipeline\Pipeline->Illuminate\Pipeline\{closure}(Object(Illuminate\Http\Request))
#44 F:\freelance\dr-mostafa\vendor\laravel\framework\src\Illuminate\Pipeline\Pipeline.php(219): Illuminate\Http\Middleware\ValidatePostSize->handle(Object(Illuminate\Http\Request), Object(Closure))
#45 F:\freelance\dr-mostafa\vendor\laravel\framework\src\Illuminate\Foundation\Http\Middleware\PreventRequestsDuringMaintenance.php(109): Illuminate\Pipeline\Pipeline->Illuminate\Pipeline\{closure}(Object(Illuminate\Http\Request))
#46 F:\freelance\dr-mostafa\vendor\laravel\framework\src\Illuminate\Pipeline\Pipeline.php(219): Illuminate\Foundation\Http\Middleware\PreventRequestsDuringMaintenance->handle(Object(Illuminate\Http\Request), Object(Closure))
#47 F:\freelance\dr-mostafa\vendor\laravel\framework\src\Illuminate\Http\Middleware\HandleCors.php(48): Illuminate\Pipeline\Pipeline->Illuminate\Pipeline\{closure}(Object(Illuminate\Http\Request))
#48 F:\freelance\dr-mostafa\vendor\laravel\framework\src\Illuminate\Pipeline\Pipeline.php(219): Illuminate\Http\Middleware\HandleCors->handle(Object(Illuminate\Http\Request), Object(Closure))
#49 F:\freelance\dr-mostafa\vendor\laravel\framework\src\Illuminate\Http\Middleware\TrustProxies.php(58): Illuminate\Pipeline\Pipeline->Illuminate\Pipeline\{closure}(Object(Illuminate\Http\Request))
#50 F:\freelance\dr-mostafa\vendor\laravel\framework\src\Illuminate\Pipeline\Pipeline.php(219): Illuminate\Http\Middleware\TrustProxies->handle(Object(Illuminate\Http\Request), Object(Closure))
#51 F:\freelance\dr-mostafa\vendor\laravel\framework\src\Illuminate\Foundation\Http\Middleware\InvokeDeferredCallbacks.php(22): Illuminate\Pipeline\Pipeline->Illuminate\Pipeline\{closure}(Object(Illuminate\Http\Request))
#52 F:\freelance\dr-mostafa\vendor\laravel\framework\src\Illuminate\Pipeline\Pipeline.php(219): Illuminate\Foundation\Http\Middleware\InvokeDeferredCallbacks->handle(Object(Illuminate\Http\Request), Object(Closure))
#53 F:\freelance\dr-mostafa\vendor\laravel\framework\src\Illuminate\Http\Middleware\ValidatePathEncoding.php(26): Illuminate\Pipeline\Pipeline->Illuminate\Pipeline\{closure}(Object(Illuminate\Http\Request))
#54 F:\freelance\dr-mostafa\vendor\laravel\framework\src\Illuminate\Pipeline\Pipeline.php(219): Illuminate\Http\Middleware\ValidatePathEncoding->handle(Object(Illuminate\Http\Request), Object(Closure))
#55 F:\freelance\dr-mostafa\vendor\laravel\framework\src\Illuminate\Pipeline\Pipeline.php(137): Illuminate\Pipeline\Pipeline->Illuminate\Pipeline\{closure}(Object(Illuminate\Http\Request))
#56 F:\freelance\dr-mostafa\vendor\laravel\framework\src\Illuminate\Foundation\Http\Kernel.php(175): Illuminate\Pipeline\Pipeline->then(Object(Closure))
#57 F:\freelance\dr-mostafa\vendor\laravel\framework\src\Illuminate\Foundation\Http\Kernel.php(144): Illuminate\Foundation\Http\Kernel->sendRequestThroughRouter(Object(Illuminate\Http\Request))
#58 F:\freelance\dr-mostafa\vendor\laravel\framework\src\Illuminate\Foundation\Testing\Concerns\MakesHttpRequests.php(607): Illuminate\Foundation\Http\Kernel->handle(Object(Illuminate\Http\Request))
#59 F:\freelance\dr-mostafa\vendor\laravel\framework\src\Illuminate\Foundation\Testing\Concerns\MakesHttpRequests.php(368): Illuminate\Foundation\Testing\TestCase->call('GET', 'http://localhos...', Array, Array, Array, Array)
#60 F:\freelance\dr-mostafa\tests\Feature\GroupControllerTest.php(267): Illuminate\Foundation\Testing\TestCase->get('http://localhos...')
#61 F:\freelance\dr-mostafa\vendor\phpunit\phpunit\src\Framework\TestCase.php(1656): Tests\Feature\GroupControllerTest->teacher_can_view_group_details()
#62 F:\freelance\dr-mostafa\vendor\phpunit\phpunit\src\Framework\TestCase.php(514): PHPUnit\Framework\TestCase->runTest()
#63 F:\freelance\dr-mostafa\vendor\phpunit\phpunit\src\Framework\TestRunner\TestRunner.php(87): PHPUnit\Framework\TestCase->runBare()
#64 F:\freelance\dr-mostafa\vendor\phpunit\phpunit\src\Framework\TestCase.php(361): PHPUnit\Framework\TestRunner->run(Object(Tests\Feature\GroupControllerTest))
#65 F:\freelance\dr-mostafa\vendor\phpunit\phpunit\src\Framework\TestSuite.php(369): PHPUnit\Framework\TestCase->run()
#66 F:\freelance\dr-mostafa\vendor\phpunit\phpunit\src\Framework\TestSuite.php(369): PHPUnit\Framework\TestSuite->run()
#67 F:\freelance\dr-mostafa\vendor\phpunit\phpunit\src\Framework\TestSuite.php(369): PHPUnit\Framework\TestSuite->run()
#68 F:\freelance\dr-mostafa\vendor\phpunit\phpunit\src\TextUI\TestRunner.php(64): PHPUnit\Framework\TestSuite->run()
#69 F:\freelance\dr-mostafa\vendor\phpunit\phpunit\src\TextUI\Application.php(211): PHPUnit\TextUI\TestRunner->run(Object(PHPUnit\TextUI\Configuration\Configuration), Object(PHPUnit\Runner\ResultCache\DefaultResultCache), Object(PHPUnit\Framework\TestSuite))
#70 F:\freelance\dr-mostafa\vendor\pestphp\pest\src\Kernel.php(103): PHPUnit\TextUI\Application->run(Array)
#71 F:\freelance\dr-mostafa\vendor\pestphp\pest\bin\pest(184): Pest\Kernel->handle(Array, Array)
#72 F:\freelance\dr-mostafa\vendor\pestphp\pest\bin\pest(192): {closure}()
#73 {main}

----------------------------------------------------------------------------------

Route [teacher.groups.sessions.create] not defined. (View: F:\freelance\dr-mostafa\resources\views\teacher\groups\show.blade.php) (View: F:\freelance\dr-mostafa\resources\views\teacher\groups\show.blade.php)

  at tests\Feature\GroupControllerTest.php:269
    265Ôûò         $group = Group::factory()->create(['teacher_id' => $teacher->id]);
    266Ôûò 
    267Ôûò         $response = $this->actingAs($teacher)->get(route('teacher.groups.show', $group));
    268Ôûò 
  Ô×£ 269Ôûò         $response->assertStatus(200);
    270Ôûò         $response->assertViewIs('groups.show');
    271Ôûò         $response->assertViewHas('group');
    272Ôûò         $response->assertViewHas('upcomingSessions');
    273Ôûò         $response->assertViewHas('recentAssignments');

  ÔöÇÔöÇÔöÇÔöÇÔöÇÔöÇÔöÇÔöÇÔöÇÔöÇÔöÇÔöÇÔöÇÔöÇÔöÇÔöÇÔöÇÔöÇÔöÇÔöÇÔöÇÔöÇÔöÇ  
   FAILED  Tests\FeaturÔÇª   
  Failed asserting that two strings are equal.
--- Expected
+++ Actual
@@ @@
-'Ï¬┘à ÏÑÏ▓Ïº┘äÏ® Ïº┘äÏÀÏº┘äÏ¿ ┘à┘å Ïº┘ä┘àÏ¼┘à┘êÏ╣Ï® Ï¿┘åÏ¼ÏºÏ¡'
+'├ÿ┬¬├ÖÔÇª ├ÿ┬Ñ├ÿ┬▓├ÿ┬º├ÖÔÇ×├ÿ┬® ├ÿ┬º├ÖÔÇ×├ÿ┬À├ÿ┬º├ÖÔÇ×├ÿ┬¿ ├ÖÔÇª├ÖÔÇá ├ÿ┬º├ÖÔÇ×├ÖÔÇª├ÿ┬¼├ÖÔÇª├Ö╦å├ÿ┬╣├ÿ┬® ├ÿ┬¿├ÖÔÇá├ÿ┬¼├ÿ┬º├ÿ┬¡'

  at tests\Feature\GroupControllerTest.php:304
    300Ôûò         $response = $this->actingAs($teacher)
    301Ôûò             ->delete(route('teacher.groups.remove-member', [$group, $member]));
    302Ôûò 
    303Ôûò         $response->assertRedirect();
  Ô×£ 304Ôûò         $response->assertSessionHas('success', 'Ï¬┘à ÏÑÏ▓Ïº┘äÏ® Ïº┘äÏÀÏº┘äÏ¿ ┘à┘å Ïº┘ä┘àÏ¼┘à┘êÏ╣Ï® Ï¿┘åÏ¼ÏºÏ¡');
    305Ôûò         $this->assertDatabaseMissing('group_members', ['id' => $member->id]);
    306Ôûò     }
    307Ôûò 
    308Ôûò     /** @test */

  ÔöÇÔöÇÔöÇÔöÇÔöÇÔöÇÔöÇÔöÇÔöÇÔöÇÔöÇÔöÇÔöÇÔöÇÔöÇÔöÇÔöÇÔöÇÔöÇÔöÇÔöÇÔöÇÔöÇ  
   FAILED  Tests\FeaturÔÇª   
  Failed asserting that two strings are equal.
--- Expected
+++ Actual
@@ @@
-'Ïº┘äÏÀÏº┘äÏ¿ ┘à┘êÏ¼┘êÏ» Ï¿Ïº┘ä┘üÏ╣┘ä ┘ü┘è ┘çÏ░┘ç Ïº┘ä┘àÏ¼┘à┘êÏ╣Ï®'
+'├ÿ┬º├ÖÔÇ×├ÿ┬À├ÿ┬º├ÖÔÇ×├ÿ┬¿ ├ÖÔÇª├Ö╦å├ÿ┬¼├Ö╦å├ÿ┬» ├ÿ┬¿├ÿ┬º├ÖÔÇ×├Ö┬ü├ÿ┬╣├ÖÔÇ× ├Ö┬ü├Ö┼á ├ÖÔÇí├ÿ┬░├ÖÔÇí ├ÿ┬º├ÖÔÇ×├ÖÔÇª├ÿ┬¼├ÖÔÇª├Ö╦å├ÿ┬╣├ÿ┬®'

  at tests\Feature\GroupControllerTest.php:352
    348Ôûò             'group_id' => $group->id,
    349Ôûò         ]);
    350Ôûò 
    351Ôûò         $response->assertRedirect(route('teacher.groups.index'));
  Ô×£ 352Ôûò         $response->assertSessionHas('error', 'Ïº┘äÏÀÏº┘äÏ¿ ┘à┘êÏ¼┘êÏ» Ï¿Ïº┘ä┘üÏ╣┘ä ┘ü┘è ┘çÏ░┘ç Ïº┘ä┘àÏ¼┘à┘êÏ╣Ï®');
    353Ôûò     }
    354Ôûò }


  Tests:    21 failed, 123 passed (396 assertions)
  Duration: 12.95s

